17:42:44 **** Incremental Build of configuration Debug for project project ****
make pre-build main-build 
a9-linaro-pre-build-step
 
make: Nothing to be done for 'main-build'.
17:43:08 **** Incremental Build of configuration Debug for project project ****
make pre-build main-build 
a9-linaro-pre-build-step
 
make: Nothing to be done for 'main-build'.
17:45:02 **** Auto Build of configuration Debug for project project ****
make pre-build main-build 
a9-linaro-pre-build-step
 
Building file: ../src/sources/rtc.c
Invoking: ARM v7 gcc compiler
arm-none-eabi-gcc -Wall -O0 -g3 -c -fmessage-length=0 -MT"src/sources/rtc.o" -mcpu=cortex-a9 -mfpu=vfpv3 -mfloat-abi=hard -I../../project_bsp/ps7_cortexa9_0/include -MMD -MP -MF"src/sources/rtc.d" -MT"src/sources/rtc.o" -o "src/sources/rtc.o" "../src/sources/rtc.c"
In file included from ../src/sources/../headers/ramInterface.h:6:0,
                 from ../src/sources/../headers/rtc.h:9,
                 from ../src/sources/rtc.c:3:
../src/sources/../headers/types.h:21:0: warning: "FALSE" redefined
 #define FALSE 0
 
In file included from ../../project_bsp/ps7_cortexa9_0/include/xil_printf.h:11:0,
                 from ../src/sources/../headers/types.h:5,
                 from ../src/sources/../headers/ramInterface.h:6,
                 from ../src/sources/../headers/rtc.h:9,
                 from ../src/sources/rtc.c:3:
../../project_bsp/ps7_cortexa9_0/include/xil_types.h:69:0: note: this is the location of the previous definition
 #  define FALSE  0U
 
In file included from ../src/sources/../headers/ramInterface.h:6:0,
                 from ../src/sources/../headers/rtc.h:9,
                 from ../src/sources/rtc.c:3:
../src/sources/../headers/types.h:22:0: warning: "TRUE" redefined
 #define TRUE 1
 
In file included from ../../project_bsp/ps7_cortexa9_0/include/xil_printf.h:11:0,
                 from ../src/sources/../headers/types.h:5,
                 from ../src/sources/../headers/ramInterface.h:6,
                 from ../src/sources/../headers/rtc.h:9,
                 from ../src/sources/rtc.c:3:
../../project_bsp/ps7_cortexa9_0/include/xil_types.h:65:0: note: this is the location of the previous definition
 #  define TRUE  1U
 
../src/sources/rtc.c: In function 'initRtc':
../src/sources/rtc.c:20:16: warning: passing argument 1 of 'XTime_SetTime' makes integer from pointer without a cast [-Wint-conversion]
  XTime_SetTime(&gTime);
                ^
In file included from ../src/sources/../headers/rtc.h:17:0,
                 from ../src/sources/rtc.c:3:
../../project_bsp/ps7_cortexa9_0/include/xtime_l.h:95:6: note: expected 'XTime {aka long long unsigned int}' but argument is of type 'XTime * {aka long long unsigned int *}'
 void XTime_SetTime(XTime Xtime_Global);
      ^~~~~~~~~~~~~
../src/sources/rtc.c: In function 'interruptTask':
../src/sources/rtc.c:84:19: warning: unused variable 'dcC' [-Wunused-variable]
  double dcA, dcB, dcC;
                   ^~~
../src/sources/rtc.c:84:14: warning: unused variable 'dcB' [-Wunused-variable]
  double dcA, dcB, dcC;
              ^~~
../src/sources/rtc.c:84:9: warning: unused variable 'dcA' [-Wunused-variable]
  double dcA, dcB, dcC;
         ^~~
../src/sources/rtc.c:50:9: warning: variable 'angle' set but not used [-Wunused-but-set-variable]
  double angle;
         ^~~~~
../src/sources/rtc.c: In function 'cyclicTask':
../src/sources/rtc.c:97:18: warning: format '%li' expects a matching 'long int' argument [-Wformat=]
  printf("Time: %li\n");
                ~~^
In file included from ../src/sources/../headers/rtc.h:14:0,
                 from ../src/sources/rtc.c:3:
../src/sources/rtc.c: At top level:
../src/sources/../headers/pi_controller.h:38:15: warning: 'setKp' declared 'static' but never defined [-Wunused-function]
 static double setKp(Controller *c, double _kp);
               ^~~~~
../src/sources/../headers/pi_controller.h:39:15: warning: 'setKi' declared 'static' but never defined [-Wunused-function]
 static double setKi(Controller *c, double _ki);
               ^~~~~
../src/sources/../headers/pi_controller.h:40:15: warning: 'setLastOutput' declared 'static' but never defined [-Wunused-function]
 static double setLastOutput(Controller *c, double _outputOld);
               ^~~~~~~~~~~~~
../src/sources/../headers/pi_controller.h:41:15: warning: 'setLastInput' declared 'static' but never defined [-Wunused-function]
 static double setLastInput(Controller *c, double _inputOld);
               ^~~~~~~~~~~~
In file included from ../src/sources/../headers/isr.h:13:0,
                 from ../src/sources/../headers/rtc.h:15,
                 from ../src/sources/rtc.c:3:
../src/sources/../headers/adc.h:25:16: warning: 'XAdcInstPtr' defined but not used [-Wunused-variable]
 static XAdcPs *XAdcInstPtr;  /* Pointer to driver istance */
                ^~~~~~~~~~~
../src/sources/../headers/adc.h:24:15: warning: 'XAdcInst' defined but not used [-Wunused-variable]
 static XAdcPs XAdcInst;      /* XADC driver instance */
               ^~~~~~~~
Finished building: ../src/sources/rtc.c
 
Building target: project.elf
Invoking: ARM v7 gcc linker
arm-none-eabi-gcc -mcpu=cortex-a9 -mfpu=vfpv3 -mfloat-abi=hard -Wl,-build-id=none -specs=Xilinx.spec -Wl,-T -Wl,../src/lscript.ld -L../../project_bsp/ps7_cortexa9_0/lib -o "project.elf"  ./src/sources/adc.o ./src/sources/clarkepark.o ./src/sources/dutycycle.o ./src/sources/isr.o ./src/sources/math.o ./src/sources/phase3.o ./src/sources/pi_controller.o ./src/sources/ramInterface.o ./src/sources/rtc.o  ./src/main.o ./src/platform.o  ./.metadata/.plugins/org.eclipse.cdt.make.core/specs.o   -Wl,--start-group,-lxil,-lgcc,-lc,--end-group
Finished building target: project.elf
 
Invoking: ARM v7 Print Size
arm-none-eabi-size project.elf  |tee "project.elf.size"
   text	   data	    bss	    dec	    hex	filename
  85096	   2588	  23520	 111204	  1b264	project.elf
Finished building: project.elf.size
 
17:45:06 **** Auto Build of configuration Debug for project project ****
make pre-build main-build 
a9-linaro-pre-build-step
 
Building file: ../src/sources/rtc.c
Invoking: ARM v7 gcc compiler
arm-none-eabi-gcc -Wall -O0 -g3 -c -fmessage-length=0 -MT"src/sources/rtc.o" -mcpu=cortex-a9 -mfpu=vfpv3 -mfloat-abi=hard -I../../project_bsp/ps7_cortexa9_0/include -MMD -MP -MF"src/sources/rtc.d" -MT"src/sources/rtc.o" -o "src/sources/rtc.o" "../src/sources/rtc.c"
In file included from ../src/sources/../headers/ramInterface.h:6:0,
                 from ../src/sources/../headers/rtc.h:9,
                 from ../src/sources/rtc.c:3:
../src/sources/../headers/types.h:21:0: warning: "FALSE" redefined
 #define FALSE 0
 
In file included from ../../project_bsp/ps7_cortexa9_0/include/xil_printf.h:11:0,
                 from ../src/sources/../headers/types.h:5,
                 from ../src/sources/../headers/ramInterface.h:6,
                 from ../src/sources/../headers/rtc.h:9,
                 from ../src/sources/rtc.c:3:
../../project_bsp/ps7_cortexa9_0/include/xil_types.h:69:0: note: this is the location of the previous definition
 #  define FALSE  0U
 
In file included from ../src/sources/../headers/ramInterface.h:6:0,
                 from ../src/sources/../headers/rtc.h:9,
                 from ../src/sources/rtc.c:3:
../src/sources/../headers/types.h:22:0: warning: "TRUE" redefined
 #define TRUE 1
 
In file included from ../../project_bsp/ps7_cortexa9_0/include/xil_printf.h:11:0,
                 from ../src/sources/../headers/types.h:5,
                 from ../src/sources/../headers/ramInterface.h:6,
                 from ../src/sources/../headers/rtc.h:9,
                 from ../src/sources/rtc.c:3:
../../project_bsp/ps7_cortexa9_0/include/xil_types.h:65:0: note: this is the location of the previous definition
 #  define TRUE  1U
 
../src/sources/rtc.c: In function 'initRtc':
../src/sources/rtc.c:20:16: warning: passing argument 1 of 'XTime_SetTime' makes integer from pointer without a cast [-Wint-conversion]
  XTime_SetTime(&gTime);
                ^
In file included from ../src/sources/../headers/rtc.h:17:0,
                 from ../src/sources/rtc.c:3:
../../project_bsp/ps7_cortexa9_0/include/xtime_l.h:95:6: note: expected 'XTime {aka long long unsigned int}' but argument is of type 'XTime * {aka long long unsigned int *}'
 void XTime_SetTime(XTime Xtime_Global);
      ^~~~~~~~~~~~~
../src/sources/rtc.c: In function 'interruptTask':
../src/sources/rtc.c:84:19: warning: unused variable 'dcC' [-Wunused-variable]
  double dcA, dcB, dcC;
                   ^~~
../src/sources/rtc.c:84:14: warning: unused variable 'dcB' [-Wunused-variable]
  double dcA, dcB, dcC;
              ^~~
../src/sources/rtc.c:84:9: warning: unused variable 'dcA' [-Wunused-variable]
  double dcA, dcB, dcC;
         ^~~
../src/sources/rtc.c:50:9: warning: variable 'angle' set but not used [-Wunused-but-set-variable]
  double angle;
         ^~~~~
../src/sources/rtc.c: In function 'cyclicTask':
../src/sources/rtc.c:97:18: warning: format '%li' expects a matching 'long int' argument [-Wformat=]
  printf("Time: %li\n");
                ~~^
In file included from ../src/sources/../headers/rtc.h:14:0,
                 from ../src/sources/rtc.c:3:
../src/sources/rtc.c: At top level:
../src/sources/../headers/pi_controller.h:38:15: warning: 'setKp' declared 'static' but never defined [-Wunused-function]
 static double setKp(Controller *c, double _kp);
               ^~~~~
../src/sources/../headers/pi_controller.h:39:15: warning: 'setKi' declared 'static' but never defined [-Wunused-function]
 static double setKi(Controller *c, double _ki);
               ^~~~~
../src/sources/../headers/pi_controller.h:40:15: warning: 'setLastOutput' declared 'static' but never defined [-Wunused-function]
 static double setLastOutput(Controller *c, double _outputOld);
               ^~~~~~~~~~~~~
../src/sources/../headers/pi_controller.h:41:15: warning: 'setLastInput' declared 'static' but never defined [-Wunused-function]
 static double setLastInput(Controller *c, double _inputOld);
               ^~~~~~~~~~~~
In file included from ../src/sources/../headers/isr.h:13:0,
                 from ../src/sources/../headers/rtc.h:15,
                 from ../src/sources/rtc.c:3:
../src/sources/../headers/adc.h:25:16: warning: 'XAdcInstPtr' defined but not used [-Wunused-variable]
 static XAdcPs *XAdcInstPtr;  /* Pointer to driver istance */
                ^~~~~~~~~~~
../src/sources/../headers/adc.h:24:15: warning: 'XAdcInst' defined but not used [-Wunused-variable]
 static XAdcPs XAdcInst;      /* XADC driver instance */
               ^~~~~~~~
Finished building: ../src/sources/rtc.c
 
Building target: project.elf
Invoking: ARM v7 gcc linker
arm-none-eabi-gcc -mcpu=cortex-a9 -mfpu=vfpv3 -mfloat-abi=hard -Wl,-build-id=none -specs=Xilinx.spec -Wl,-T -Wl,../src/lscript.ld -L../../project_bsp/ps7_cortexa9_0/lib -o "project.elf"  ./src/sources/adc.o ./src/sources/clarkepark.o ./src/sources/dutycycle.o ./src/sources/isr.o ./src/sources/math.o ./src/sources/phase3.o ./src/sources/pi_controller.o ./src/sources/ramInterface.o ./src/sources/rtc.o  ./src/main.o ./src/platform.o  ./.metadata/.plugins/org.eclipse.cdt.make.core/specs.o   -Wl,--start-group,-lxil,-lgcc,-lc,--end-group
Finished building target: project.elf
 
Invoking: ARM v7 Print Size
arm-none-eabi-size project.elf  |tee "project.elf.size"
   text	   data	    bss	    dec	    hex	filename
  85096	   2588	  23520	 111204	  1b264	project.elf
Finished building: project.elf.size
 
17:45:08 **** Incremental Build of configuration Debug for project project ****
make pre-build main-build 
a9-linaro-pre-build-step
 
make: Nothing to be done for 'main-build'.
17:45:48 **** Auto Build of configuration Debug for project project ****
make pre-build main-build 
a9-linaro-pre-build-step
 
Building file: ../src/sources/rtc.c
Invoking: ARM v7 gcc compiler
arm-none-eabi-gcc -Wall -O0 -g3 -c -fmessage-length=0 -MT"src/sources/rtc.o" -mcpu=cortex-a9 -mfpu=vfpv3 -mfloat-abi=hard -I../../project_bsp/ps7_cortexa9_0/include -MMD -MP -MF"src/sources/rtc.d" -MT"src/sources/rtc.o" -o "src/sources/rtc.o" "../src/sources/rtc.c"
In file included from ../src/sources/../headers/ramInterface.h:6:0,
                 from ../src/sources/../headers/rtc.h:9,
                 from ../src/sources/rtc.c:3:
../src/sources/../headers/types.h:21:0: warning: "FALSE" redefined
 #define FALSE 0
 
In file included from ../../project_bsp/ps7_cortexa9_0/include/xil_printf.h:11:0,
                 from ../src/sources/../headers/types.h:5,
                 from ../src/sources/../headers/ramInterface.h:6,
                 from ../src/sources/../headers/rtc.h:9,
                 from ../src/sources/rtc.c:3:
../../project_bsp/ps7_cortexa9_0/include/xil_types.h:69:0: note: this is the location of the previous definition
 #  define FALSE  0U
 
In file included from ../src/sources/../headers/ramInterface.h:6:0,
                 from ../src/sources/../headers/rtc.h:9,
                 from ../src/sources/rtc.c:3:
../src/sources/../headers/types.h:22:0: warning: "TRUE" redefined
 #define TRUE 1
 
In file included from ../../project_bsp/ps7_cortexa9_0/include/xil_printf.h:11:0,
                 from ../src/sources/../headers/types.h:5,
                 from ../src/sources/../headers/ramInterface.h:6,
                 from ../src/sources/../headers/rtc.h:9,
                 from ../src/sources/rtc.c:3:
../../project_bsp/ps7_cortexa9_0/include/xil_types.h:65:0: note: this is the location of the previous definition
 #  define TRUE  1U
 
../src/sources/rtc.c: In function 'interruptTask':
../src/sources/rtc.c:81:19: warning: unused variable 'dcC' [-Wunused-variable]
  double dcA, dcB, dcC;
                   ^~~
../src/sources/rtc.c:81:14: warning: unused variable 'dcB' [-Wunused-variable]
  double dcA, dcB, dcC;
              ^~~
../src/sources/rtc.c:81:9: warning: unused variable 'dcA' [-Wunused-variable]
  double dcA, dcB, dcC;
         ^~~
../src/sources/rtc.c:47:9: warning: variable 'angle' set but not used [-Wunused-but-set-variable]
  double angle;
         ^~~~~
In file included from ../src/sources/../headers/rtc.h:14:0,
                 from ../src/sources/rtc.c:3:
../src/sources/rtc.c: At top level:
../src/sources/../headers/pi_controller.h:38:15: warning: 'setKp' declared 'static' but never defined [-Wunused-function]
 static double setKp(Controller *c, double _kp);
               ^~~~~
../src/sources/../headers/pi_controller.h:39:15: warning: 'setKi' declared 'static' but never defined [-Wunused-function]
 static double setKi(Controller *c, double _ki);
               ^~~~~
../src/sources/../headers/pi_controller.h:40:15: warning: 'setLastOutput' declared 'static' but never defined [-Wunused-function]
 static double setLastOutput(Controller *c, double _outputOld);
               ^~~~~~~~~~~~~
../src/sources/../headers/pi_controller.h:41:15: warning: 'setLastInput' declared 'static' but never defined [-Wunused-function]
 static double setLastInput(Controller *c, double _inputOld);
               ^~~~~~~~~~~~
In file included from ../src/sources/../headers/isr.h:13:0,
                 from ../src/sources/../headers/rtc.h:15,
                 from ../src/sources/rtc.c:3:
../src/sources/../headers/adc.h:25:16: warning: 'XAdcInstPtr' defined but not used [-Wunused-variable]
 static XAdcPs *XAdcInstPtr;  /* Pointer to driver istance */
                ^~~~~~~~~~~
../src/sources/../headers/adc.h:24:15: warning: 'XAdcInst' defined but not used [-Wunused-variable]
 static XAdcPs XAdcInst;      /* XADC driver instance */
               ^~~~~~~~
Finished building: ../src/sources/rtc.c
 
Building target: project.elf
Invoking: ARM v7 gcc linker
arm-none-eabi-gcc -mcpu=cortex-a9 -mfpu=vfpv3 -mfloat-abi=hard -Wl,-build-id=none -specs=Xilinx.spec -Wl,-T -Wl,../src/lscript.ld -L../../project_bsp/ps7_cortexa9_0/lib -o "project.elf"  ./src/sources/adc.o ./src/sources/clarkepark.o ./src/sources/dutycycle.o ./src/sources/isr.o ./src/sources/math.o ./src/sources/phase3.o ./src/sources/pi_controller.o ./src/sources/ramInterface.o ./src/sources/rtc.o  ./src/main.o ./src/platform.o  ./.metadata/.plugins/org.eclipse.cdt.make.core/specs.o   -Wl,--start-group,-lxil,-lgcc,-lc,--end-group
Finished building target: project.elf
 
Invoking: ARM v7 Print Size
arm-none-eabi-size project.elf  |tee "project.elf.size"
   text	   data	    bss	    dec	    hex	filename
  85024	   2588	  23504	 111116	  1b20c	project.elf
Finished building: project.elf.size
 
17:45:53 **** Incremental Build of configuration Debug for project project ****
make pre-build main-build 
a9-linaro-pre-build-step
 
make: Nothing to be done for 'main-build'.
17:46:00 **** Incremental Build of configuration Debug for project project ****
make pre-build main-build 
a9-linaro-pre-build-step
 
make: Nothing to be done for 'main-build'.
17:46:26 **** Incremental Build of configuration Debug for project project ****
make pre-build main-build 
a9-linaro-pre-build-step
 
make: Nothing to be done for 'main-build'.
17:46:56 **** Incremental Build of configuration Debug for project project ****
make pre-build main-build 
a9-linaro-pre-build-step
 
Building file: ../src/sources/rtc.c
Invoking: ARM v7 gcc compiler
arm-none-eabi-gcc -Wall -O0 -g3 -c -fmessage-length=0 -MT"src/sources/rtc.o" -mcpu=cortex-a9 -mfpu=vfpv3 -mfloat-abi=hard -I../../project_bsp/ps7_cortexa9_0/include -MMD -MP -MF"src/sources/rtc.d" -MT"src/sources/rtc.o" -o "src/sources/rtc.o" "../src/sources/rtc.c"
In file included from ../src/sources/../headers/ramInterface.h:6:0,
                 from ../src/sources/../headers/rtc.h:9,
                 from ../src/sources/rtc.c:3:
../src/sources/../headers/types.h:21:0: warning: "FALSE" redefined
 #define FALSE 0
 
In file included from ../../project_bsp/ps7_cortexa9_0/include/xil_printf.h:11:0,
                 from ../src/sources/../headers/types.h:5,
                 from ../src/sources/../headers/ramInterface.h:6,
                 from ../src/sources/../headers/rtc.h:9,
                 from ../src/sources/rtc.c:3:
../../project_bsp/ps7_cortexa9_0/include/xil_types.h:69:0: note: this is the location of the previous definition
 #  define FALSE  0U
 
In file included from ../src/sources/../headers/ramInterface.h:6:0,
                 from ../src/sources/../headers/rtc.h:9,
                 from ../src/sources/rtc.c:3:
../src/sources/../headers/types.h:22:0: warning: "TRUE" redefined
 #define TRUE 1
 
In file included from ../../project_bsp/ps7_cortexa9_0/include/xil_printf.h:11:0,
                 from ../src/sources/../headers/types.h:5,
                 from ../src/sources/../headers/ramInterface.h:6,
                 from ../src/sources/../headers/rtc.h:9,
                 from ../src/sources/rtc.c:3:
../../project_bsp/ps7_cortexa9_0/include/xil_types.h:65:0: note: this is the location of the previous definition
 #  define TRUE  1U
 
../src/sources/rtc.c: In function 'interruptTask':
../src/sources/rtc.c:81:19: warning: unused variable 'dcC' [-Wunused-variable]
  double dcA, dcB, dcC;
                   ^~~
../src/sources/rtc.c:81:14: warning: unused variable 'dcB' [-Wunused-variable]
  double dcA, dcB, dcC;
              ^~~
../src/sources/rtc.c:81:9: warning: unused variable 'dcA' [-Wunused-variable]
  double dcA, dcB, dcC;
         ^~~
../src/sources/rtc.c:47:9: warning: variable 'angle' set but not used [-Wunused-but-set-variable]
  double angle;
         ^~~~~
In file included from ../src/sources/../headers/rtc.h:14:0,
                 from ../src/sources/rtc.c:3:
../src/sources/rtc.c: At top level:
../src/sources/../headers/pi_controller.h:38:15: warning: 'setKp' declared 'static' but never defined [-Wunused-function]
 static double setKp(Controller *c, double _kp);
               ^~~~~
../src/sources/../headers/pi_controller.h:39:15: warning: 'setKi' declared 'static' but never defined [-Wunused-function]
 static double setKi(Controller *c, double _ki);
               ^~~~~
../src/sources/../headers/pi_controller.h:40:15: warning: 'setLastOutput' declared 'static' but never defined [-Wunused-function]
 static double setLastOutput(Controller *c, double _outputOld);
               ^~~~~~~~~~~~~
../src/sources/../headers/pi_controller.h:41:15: warning: 'setLastInput' declared 'static' but never defined [-Wunused-function]
 static double setLastInput(Controller *c, double _inputOld);
               ^~~~~~~~~~~~
In file included from ../src/sources/../headers/isr.h:13:0,
                 from ../src/sources/../headers/rtc.h:15,
                 from ../src/sources/rtc.c:3:
../src/sources/../headers/adc.h:25:16: warning: 'XAdcInstPtr' defined but not used [-Wunused-variable]
 static XAdcPs *XAdcInstPtr;  /* Pointer to driver istance */
                ^~~~~~~~~~~
../src/sources/../headers/adc.h:24:15: warning: 'XAdcInst' defined but not used [-Wunused-variable]
 static XAdcPs XAdcInst;      /* XADC driver instance */
               ^~~~~~~~
Finished building: ../src/sources/rtc.c
 
Building file: ../src/main.c
Invoking: ARM v7 gcc compiler
arm-none-eabi-gcc -Wall -O0 -g3 -c -fmessage-length=0 -MT"src/main.o" -mcpu=cortex-a9 -mfpu=vfpv3 -mfloat-abi=hard -I../../project_bsp/ps7_cortexa9_0/include -MMD -MP -MF"src/main.d" -MT"src/main.o" -o "src/main.o" "../src/main.c"
In file included from ../src/headers/ramInterface.h:6:0,
                 from ../src/headers/rtc.h:9,
                 from ../src/main.c:5:
../src/headers/types.h:21:0: warning: "FALSE" redefined
 #define FALSE 0
 
In file included from ../../project_bsp/ps7_cortexa9_0/include/xil_printf.h:11:0,
                 from ../src/main.c:3:
../../project_bsp/ps7_cortexa9_0/include/xil_types.h:69:0: note: this is the location of the previous definition
 #  define FALSE  0U
 
In file included from ../src/headers/ramInterface.h:6:0,
                 from ../src/headers/rtc.h:9,
                 from ../src/main.c:5:
../src/headers/types.h:22:0: warning: "TRUE" redefined
 #define TRUE 1
 
In file included from ../../project_bsp/ps7_cortexa9_0/include/xil_printf.h:11:0,
                 from ../src/main.c:3:
../../project_bsp/ps7_cortexa9_0/include/xil_types.h:65:0: note: this is the location of the previous definition
 #  define TRUE  1U
 
In file included from ../src/headers/rtc.h:14:0,
                 from ../src/main.c:5:
../src/headers/pi_controller.h:38:15: warning: 'setKp' declared 'static' but never defined [-Wunused-function]
 static double setKp(Controller *c, double _kp);
               ^~~~~
../src/headers/pi_controller.h:39:15: warning: 'setKi' declared 'static' but never defined [-Wunused-function]
 static double setKi(Controller *c, double _ki);
               ^~~~~
../src/headers/pi_controller.h:40:15: warning: 'setLastOutput' declared 'static' but never defined [-Wunused-function]
 static double setLastOutput(Controller *c, double _outputOld);
               ^~~~~~~~~~~~~
../src/headers/pi_controller.h:41:15: warning: 'setLastInput' declared 'static' but never defined [-Wunused-function]
 static double setLastInput(Controller *c, double _inputOld);
               ^~~~~~~~~~~~
In file included from ../src/headers/rtc.h:15:0,
                 from ../src/main.c:5:
../src/headers/isr.h:19:12: warning: 'gIB' defined but not used [-Wunused-variable]
 static u32 gIB;
            ^~~
../src/headers/isr.h:18:12: warning: 'gIA' defined but not used [-Wunused-variable]
 static u32 gIA;
            ^~~
In file included from ../src/headers/isr.h:13:0,
                 from ../src/headers/rtc.h:15,
                 from ../src/main.c:5:
../src/headers/adc.h:25:16: warning: 'XAdcInstPtr' defined but not used [-Wunused-variable]
 static XAdcPs *XAdcInstPtr;  /* Pointer to driver istance */
                ^~~~~~~~~~~
../src/headers/adc.h:24:15: warning: 'XAdcInst' defined but not used [-Wunused-variable]
 static XAdcPs XAdcInst;      /* XADC driver instance */
               ^~~~~~~~
Finished building: ../src/main.c
 
Building target: project.elf
Invoking: ARM v7 gcc linker
arm-none-eabi-gcc -mcpu=cortex-a9 -mfpu=vfpv3 -mfloat-abi=hard -Wl,-build-id=none -specs=Xilinx.spec -Wl,-T -Wl,../src/lscript.ld -L../../project_bsp/ps7_cortexa9_0/lib -o "project.elf"  ./src/sources/adc.o ./src/sources/clarkepark.o ./src/sources/dutycycle.o ./src/sources/isr.o ./src/sources/math.o ./src/sources/phase3.o ./src/sources/pi_controller.o ./src/sources/ramInterface.o ./src/sources/rtc.o  ./src/main.o ./src/platform.o  ./.metadata/.plugins/org.eclipse.cdt.make.core/specs.o   -Wl,--start-group,-lxil,-lgcc,-lc,--end-group
Finished building target: project.elf
 
Invoking: ARM v7 Print Size
arm-none-eabi-size project.elf  |tee "project.elf.size"
   text	   data	    bss	    dec	    hex	filename
  85024	   2588	  23504	 111116	  1b20c	project.elf
Finished building: project.elf.size
 
17:49:34 **** Auto Build of configuration Debug for project project ****
make pre-build main-build 
a9-linaro-pre-build-step
 
Building file: ../src/sources/rtc.c
Invoking: ARM v7 gcc compiler
arm-none-eabi-gcc -Wall -O0 -g3 -c -fmessage-length=0 -MT"src/sources/rtc.o" -mcpu=cortex-a9 -mfpu=vfpv3 -mfloat-abi=hard -I../../project_bsp/ps7_cortexa9_0/include -MMD -MP -MF"src/sources/rtc.d" -MT"src/sources/rtc.o" -o "src/sources/rtc.o" "../src/sources/rtc.c"
In file included from ../src/sources/../headers/ramInterface.h:6:0,
                 from ../src/sources/../headers/rtc.h:9,
                 from ../src/sources/rtc.c:3:
../src/sources/../headers/types.h:21:0: warning: "FALSE" redefined
 #define FALSE 0
 
In file included from ../../project_bsp/ps7_cortexa9_0/include/xil_printf.h:11:0,
                 from ../src/sources/../headers/types.h:5,
                 from ../src/sources/../headers/ramInterface.h:6,
                 from ../src/sources/../headers/rtc.h:9,
                 from ../src/sources/rtc.c:3:
../../project_bsp/ps7_cortexa9_0/include/xil_types.h:69:0: note: this is the location of the previous definition
 #  define FALSE  0U
 
In file included from ../src/sources/../headers/ramInterface.h:6:0,
                 from ../src/sources/../headers/rtc.h:9,
                 from ../src/sources/rtc.c:3:
../src/sources/../headers/types.h:22:0: warning: "TRUE" redefined
 #define TRUE 1
 
In file included from ../../project_bsp/ps7_cortexa9_0/include/xil_printf.h:11:0,
                 from ../src/sources/../headers/types.h:5,
                 from ../src/sources/../headers/ramInterface.h:6,
                 from ../src/sources/../headers/rtc.h:9,
                 from ../src/sources/rtc.c:3:
../../project_bsp/ps7_cortexa9_0/include/xil_types.h:65:0: note: this is the location of the previous definition
 #  define TRUE  1U
 
../src/sources/rtc.c: In function 'interruptTask':
../src/sources/rtc.c:80:19: warning: unused variable 'dcC' [-Wunused-variable]
  double dcA, dcB, dcC;
                   ^~~
../src/sources/rtc.c:80:14: warning: unused variable 'dcB' [-Wunused-variable]
  double dcA, dcB, dcC;
              ^~~
../src/sources/rtc.c:80:9: warning: unused variable 'dcA' [-Wunused-variable]
  double dcA, dcB, dcC;
         ^~~
../src/sources/rtc.c:47:9: warning: variable 'angle' set but not used [-Wunused-but-set-variable]
  double angle;
         ^~~~~
In file included from ../src/sources/../headers/rtc.h:14:0,
                 from ../src/sources/rtc.c:3:
../src/sources/rtc.c: At top level:
../src/sources/../headers/pi_controller.h:38:15: warning: 'setKp' declared 'static' but never defined [-Wunused-function]
 static double setKp(Controller *c, double _kp);
               ^~~~~
../src/sources/../headers/pi_controller.h:39:15: warning: 'setKi' declared 'static' but never defined [-Wunused-function]
 static double setKi(Controller *c, double _ki);
               ^~~~~
../src/sources/../headers/pi_controller.h:40:15: warning: 'setLastOutput' declared 'static' but never defined [-Wunused-function]
 static double setLastOutput(Controller *c, double _outputOld);
               ^~~~~~~~~~~~~
../src/sources/../headers/pi_controller.h:41:15: warning: 'setLastInput' declared 'static' but never defined [-Wunused-function]
 static double setLastInput(Controller *c, double _inputOld);
               ^~~~~~~~~~~~
In file included from ../src/sources/../headers/isr.h:13:0,
                 from ../src/sources/../headers/rtc.h:15,
                 from ../src/sources/rtc.c:3:
../src/sources/../headers/adc.h:25:16: warning: 'XAdcInstPtr' defined but not used [-Wunused-variable]
 static XAdcPs *XAdcInstPtr;  /* Pointer to driver istance */
                ^~~~~~~~~~~
../src/sources/../headers/adc.h:24:15: warning: 'XAdcInst' defined but not used [-Wunused-variable]
 static XAdcPs XAdcInst;      /* XADC driver instance */
               ^~~~~~~~
Finished building: ../src/sources/rtc.c
 
Building target: project.elf
Invoking: ARM v7 gcc linker
arm-none-eabi-gcc -mcpu=cortex-a9 -mfpu=vfpv3 -mfloat-abi=hard -Wl,-build-id=none -specs=Xilinx.spec -Wl,-T -Wl,../src/lscript.ld -L../../project_bsp/ps7_cortexa9_0/lib -o "project.elf"  ./src/sources/adc.o ./src/sources/clarkepark.o ./src/sources/dutycycle.o ./src/sources/isr.o ./src/sources/math.o ./src/sources/phase3.o ./src/sources/pi_controller.o ./src/sources/ramInterface.o ./src/sources/rtc.o  ./src/main.o ./src/platform.o  ./.metadata/.plugins/org.eclipse.cdt.make.core/specs.o   -Wl,--start-group,-lxil,-lgcc,-lc,--end-group
Finished building target: project.elf
 
Invoking: ARM v7 Print Size
arm-none-eabi-size project.elf  |tee "project.elf.size"
   text	   data	    bss	    dec	    hex	filename
  85152	   2588	  23504	 111244	  1b28c	project.elf
Finished building: project.elf.size
 
17:51:34 **** Auto Build of configuration Debug for project project ****
make pre-build main-build 
a9-linaro-pre-build-step
 
Building file: ../src/sources/rtc.c
Invoking: ARM v7 gcc compiler
arm-none-eabi-gcc -Wall -O0 -g3 -c -fmessage-length=0 -MT"src/sources/rtc.o" -mcpu=cortex-a9 -mfpu=vfpv3 -mfloat-abi=hard -I../../project_bsp/ps7_cortexa9_0/include -MMD -MP -MF"src/sources/rtc.d" -MT"src/sources/rtc.o" -o "src/sources/rtc.o" "../src/sources/rtc.c"
In file included from ../src/sources/../headers/ramInterface.h:6:0,
                 from ../src/sources/../headers/rtc.h:9,
                 from ../src/sources/rtc.c:3:
../src/sources/../headers/types.h:21:0: warning: "FALSE" redefined
 #define FALSE 0
 
In file included from ../../project_bsp/ps7_cortexa9_0/include/xil_printf.h:11:0,
                 from ../src/sources/../headers/types.h:5,
                 from ../src/sources/../headers/ramInterface.h:6,
                 from ../src/sources/../headers/rtc.h:9,
                 from ../src/sources/rtc.c:3:
../../project_bsp/ps7_cortexa9_0/include/xil_types.h:69:0: note: this is the location of the previous definition
 #  define FALSE  0U
 
In file included from ../src/sources/../headers/ramInterface.h:6:0,
                 from ../src/sources/../headers/rtc.h:9,
                 from ../src/sources/rtc.c:3:
../src/sources/../headers/types.h:22:0: warning: "TRUE" redefined
 #define TRUE 1
 
In file included from ../../project_bsp/ps7_cortexa9_0/include/xil_printf.h:11:0,
                 from ../src/sources/../headers/types.h:5,
                 from ../src/sources/../headers/ramInterface.h:6,
                 from ../src/sources/../headers/rtc.h:9,
                 from ../src/sources/rtc.c:3:
../../project_bsp/ps7_cortexa9_0/include/xil_types.h:65:0: note: this is the location of the previous definition
 #  define TRUE  1U
 
../src/sources/rtc.c: In function 'interruptTask':
../src/sources/rtc.c:47:9: warning: variable 'angle' set but not used [-Wunused-but-set-variable]
  double angle;
         ^~~~~
In file included from ../src/sources/../headers/rtc.h:14:0,
                 from ../src/sources/rtc.c:3:
../src/sources/rtc.c: At top level:
../src/sources/../headers/pi_controller.h:38:15: warning: 'setKp' declared 'static' but never defined [-Wunused-function]
 static double setKp(Controller *c, double _kp);
               ^~~~~
../src/sources/../headers/pi_controller.h:39:15: warning: 'setKi' declared 'static' but never defined [-Wunused-function]
 static double setKi(Controller *c, double _ki);
               ^~~~~
../src/sources/../headers/pi_controller.h:40:15: warning: 'setLastOutput' declared 'static' but never defined [-Wunused-function]
 static double setLastOutput(Controller *c, double _outputOld);
               ^~~~~~~~~~~~~
../src/sources/../headers/pi_controller.h:41:15: warning: 'setLastInput' declared 'static' but never defined [-Wunused-function]
 static double setLastInput(Controller *c, double _inputOld);
               ^~~~~~~~~~~~
In file included from ../src/sources/../headers/isr.h:13:0,
                 from ../src/sources/../headers/rtc.h:15,
                 from ../src/sources/rtc.c:3:
../src/sources/../headers/adc.h:25:16: warning: 'XAdcInstPtr' defined but not used [-Wunused-variable]
 static XAdcPs *XAdcInstPtr;  /* Pointer to driver istance */
                ^~~~~~~~~~~
../src/sources/../headers/adc.h:24:15: warning: 'XAdcInst' defined but not used [-Wunused-variable]
 static XAdcPs XAdcInst;      /* XADC driver instance */
               ^~~~~~~~
Finished building: ../src/sources/rtc.c
 
Building target: project.elf
Invoking: ARM v7 gcc linker
arm-none-eabi-gcc -mcpu=cortex-a9 -mfpu=vfpv3 -mfloat-abi=hard -Wl,-build-id=none -specs=Xilinx.spec -Wl,-T -Wl,../src/lscript.ld -L../../project_bsp/ps7_cortexa9_0/lib -o "project.elf"  ./src/sources/adc.o ./src/sources/clarkepark.o ./src/sources/dutycycle.o ./src/sources/isr.o ./src/sources/math.o ./src/sources/phase3.o ./src/sources/pi_controller.o ./src/sources/ramInterface.o ./src/sources/rtc.o  ./src/main.o ./src/platform.o  ./.metadata/.plugins/org.eclipse.cdt.make.core/specs.o   -Wl,--start-group,-lxil,-lgcc,-lc,--end-group
Finished building target: project.elf
 
Invoking: ARM v7 Print Size
arm-none-eabi-size project.elf  |tee "project.elf.size"
   text	   data	    bss	    dec	    hex	filename
  85280	   2588	  23504	 111372	  1b30c	project.elf
Finished building: project.elf.size
 
17:51:49 **** Auto Build of configuration Debug for project project ****
make pre-build main-build 
a9-linaro-pre-build-step
 
Building file: ../src/sources/rtc.c
Invoking: ARM v7 gcc compiler
arm-none-eabi-gcc -Wall -O0 -g3 -c -fmessage-length=0 -MT"src/sources/rtc.o" -mcpu=cortex-a9 -mfpu=vfpv3 -mfloat-abi=hard -I../../project_bsp/ps7_cortexa9_0/include -MMD -MP -MF"src/sources/rtc.d" -MT"src/sources/rtc.o" -o "src/sources/rtc.o" "../src/sources/rtc.c"
In file included from ../src/sources/../headers/ramInterface.h:6:0,
                 from ../src/sources/../headers/rtc.h:9,
                 from ../src/sources/rtc.c:3:
../src/sources/../headers/types.h:21:0: warning: "FALSE" redefined
 #define FALSE 0
 
In file included from ../../project_bsp/ps7_cortexa9_0/include/xil_printf.h:11:0,
                 from ../src/sources/../headers/types.h:5,
                 from ../src/sources/../headers/ramInterface.h:6,
                 from ../src/sources/../headers/rtc.h:9,
                 from ../src/sources/rtc.c:3:
../../project_bsp/ps7_cortexa9_0/include/xil_types.h:69:0: note: this is the location of the previous definition
 #  define FALSE  0U
 
In file included from ../src/sources/../headers/ramInterface.h:6:0,
                 from ../src/sources/../headers/rtc.h:9,
                 from ../src/sources/rtc.c:3:
../src/sources/../headers/types.h:22:0: warning: "TRUE" redefined
 #define TRUE 1
 
In file included from ../../project_bsp/ps7_cortexa9_0/include/xil_printf.h:11:0,
                 from ../src/sources/../headers/types.h:5,
                 from ../src/sources/../headers/ramInterface.h:6,
                 from ../src/sources/../headers/rtc.h:9,
                 from ../src/sources/rtc.c:3:
../../project_bsp/ps7_cortexa9_0/include/xil_types.h:65:0: note: this is the location of the previous definition
 #  define TRUE  1U
 
../src/sources/rtc.c: In function 'interruptTask':
../src/sources/rtc.c:47:9: warning: variable 'angle' set but not used [-Wunused-but-set-variable]
  double angle;
         ^~~~~
In file included from ../src/sources/../headers/rtc.h:14:0,
                 from ../src/sources/rtc.c:3:
../src/sources/rtc.c: At top level:
../src/sources/../headers/pi_controller.h:38:15: warning: 'setKp' declared 'static' but never defined [-Wunused-function]
 static double setKp(Controller *c, double _kp);
               ^~~~~
../src/sources/../headers/pi_controller.h:39:15: warning: 'setKi' declared 'static' but never defined [-Wunused-function]
 static double setKi(Controller *c, double _ki);
               ^~~~~
../src/sources/../headers/pi_controller.h:40:15: warning: 'setLastOutput' declared 'static' but never defined [-Wunused-function]
 static double setLastOutput(Controller *c, double _outputOld);
               ^~~~~~~~~~~~~
../src/sources/../headers/pi_controller.h:41:15: warning: 'setLastInput' declared 'static' but never defined [-Wunused-function]
 static double setLastInput(Controller *c, double _inputOld);
               ^~~~~~~~~~~~
In file included from ../src/sources/../headers/isr.h:13:0,
                 from ../src/sources/../headers/rtc.h:15,
                 from ../src/sources/rtc.c:3:
../src/sources/../headers/adc.h:25:16: warning: 'XAdcInstPtr' defined but not used [-Wunused-variable]
 static XAdcPs *XAdcInstPtr;  /* Pointer to driver istance */
                ^~~~~~~~~~~
../src/sources/../headers/adc.h:24:15: warning: 'XAdcInst' defined but not used [-Wunused-variable]
 static XAdcPs XAdcInst;      /* XADC driver instance */
               ^~~~~~~~
Finished building: ../src/sources/rtc.c
 
Building target: project.elf
Invoking: ARM v7 gcc linker
arm-none-eabi-gcc -mcpu=cortex-a9 -mfpu=vfpv3 -mfloat-abi=hard -Wl,-build-id=none -specs=Xilinx.spec -Wl,-T -Wl,../src/lscript.ld -L../../project_bsp/ps7_cortexa9_0/lib -o "project.elf"  ./src/sources/adc.o ./src/sources/clarkepark.o ./src/sources/dutycycle.o ./src/sources/isr.o ./src/sources/math.o ./src/sources/phase3.o ./src/sources/pi_controller.o ./src/sources/ramInterface.o ./src/sources/rtc.o  ./src/main.o ./src/platform.o  ./.metadata/.plugins/org.eclipse.cdt.make.core/specs.o   -Wl,--start-group,-lxil,-lgcc,-lc,--end-group
Finished building target: project.elf
 
Invoking: ARM v7 Print Size
arm-none-eabi-size project.elf  |tee "project.elf.size"
   text	   data	    bss	    dec	    hex	filename
  84656	   2588	  23504	 110748	  1b09c	project.elf
Finished building: project.elf.size
 
17:51:59 **** Auto Build of configuration Debug for project project ****
make pre-build main-build 
a9-linaro-pre-build-step
 
Building file: ../src/sources/rtc.c
Invoking: ARM v7 gcc compiler
arm-none-eabi-gcc -Wall -O0 -g3 -c -fmessage-length=0 -MT"src/sources/rtc.o" -mcpu=cortex-a9 -mfpu=vfpv3 -mfloat-abi=hard -I../../project_bsp/ps7_cortexa9_0/include -MMD -MP -MF"src/sources/rtc.d" -MT"src/sources/rtc.o" -o "src/sources/rtc.o" "../src/sources/rtc.c"
In file included from ../src/sources/../headers/ramInterface.h:6:0,
                 from ../src/sources/../headers/rtc.h:9,
                 from ../src/sources/rtc.c:3:
../src/sources/../headers/types.h:21:0: warning: "FALSE" redefined
 #define FALSE 0
 
In file included from ../../project_bsp/ps7_cortexa9_0/include/xil_printf.h:11:0,
                 from ../src/sources/../headers/types.h:5,
                 from ../src/sources/../headers/ramInterface.h:6,
                 from ../src/sources/../headers/rtc.h:9,
                 from ../src/sources/rtc.c:3:
../../project_bsp/ps7_cortexa9_0/include/xil_types.h:69:0: note: this is the location of the previous definition
 #  define FALSE  0U
 
In file included from ../src/sources/../headers/ramInterface.h:6:0,
                 from ../src/sources/../headers/rtc.h:9,
                 from ../src/sources/rtc.c:3:
../src/sources/../headers/types.h:22:0: warning: "TRUE" redefined
 #define TRUE 1
 
In file included from ../../project_bsp/ps7_cortexa9_0/include/xil_printf.h:11:0,
                 from ../src/sources/../headers/types.h:5,
                 from ../src/sources/../headers/ramInterface.h:6,
                 from ../src/sources/../headers/rtc.h:9,
                 from ../src/sources/rtc.c:3:
../../project_bsp/ps7_cortexa9_0/include/xil_types.h:65:0: note: this is the location of the previous definition
 #  define TRUE  1U
 
../src/sources/rtc.c: In function 'interruptTask':
../src/sources/rtc.c:47:9: warning: variable 'angle' set but not used [-Wunused-but-set-variable]
  double angle;
         ^~~~~
In file included from ../src/sources/../headers/rtc.h:14:0,
                 from ../src/sources/rtc.c:3:
../src/sources/rtc.c: At top level:
../src/sources/../headers/pi_controller.h:38:15: warning: 'setKp' declared 'static' but never defined [-Wunused-function]
 static double setKp(Controller *c, double _kp);
               ^~~~~
../src/sources/../headers/pi_controller.h:39:15: warning: 'setKi' declared 'static' but never defined [-Wunused-function]
 static double setKi(Controller *c, double _ki);
               ^~~~~
../src/sources/../headers/pi_controller.h:40:15: warning: 'setLastOutput' declared 'static' but never defined [-Wunused-function]
 static double setLastOutput(Controller *c, double _outputOld);
               ^~~~~~~~~~~~~
../src/sources/../headers/pi_controller.h:41:15: warning: 'setLastInput' declared 'static' but never defined [-Wunused-function]
 static double setLastInput(Controller *c, double _inputOld);
               ^~~~~~~~~~~~
In file included from ../src/sources/../headers/isr.h:13:0,
                 from ../src/sources/../headers/rtc.h:15,
                 from ../src/sources/rtc.c:3:
../src/sources/../headers/adc.h:25:16: warning: 'XAdcInstPtr' defined but not used [-Wunused-variable]
 static XAdcPs *XAdcInstPtr;  /* Pointer to driver istance */
                ^~~~~~~~~~~
../src/sources/../headers/adc.h:24:15: warning: 'XAdcInst' defined but not used [-Wunused-variable]
 static XAdcPs XAdcInst;      /* XADC driver instance */
               ^~~~~~~~
Finished building: ../src/sources/rtc.c
 
Building target: project.elf
Invoking: ARM v7 gcc linker
arm-none-eabi-gcc -mcpu=cortex-a9 -mfpu=vfpv3 -mfloat-abi=hard -Wl,-build-id=none -specs=Xilinx.spec -Wl,-T -Wl,../src/lscript.ld -L../../project_bsp/ps7_cortexa9_0/lib -o "project.elf"  ./src/sources/adc.o ./src/sources/clarkepark.o ./src/sources/dutycycle.o ./src/sources/isr.o ./src/sources/math.o ./src/sources/phase3.o ./src/sources/pi_controller.o ./src/sources/ramInterface.o ./src/sources/rtc.o  ./src/main.o ./src/platform.o  ./.metadata/.plugins/org.eclipse.cdt.make.core/specs.o   -Wl,--start-group,-lxil,-lgcc,-lc,--end-group
Finished building target: project.elf
 
Invoking: ARM v7 Print Size
arm-none-eabi-size project.elf  |tee "project.elf.size"
   text	   data	    bss	    dec	    hex	filename
  84656	   2588	  23504	 110748	  1b09c	project.elf
Finished building: project.elf.size
 
17:52:04 **** Auto Build of configuration Debug for project project ****
make pre-build main-build 
a9-linaro-pre-build-step
 
Building file: ../src/sources/rtc.c
Invoking: ARM v7 gcc compiler
arm-none-eabi-gcc -Wall -O0 -g3 -c -fmessage-length=0 -MT"src/sources/rtc.o" -mcpu=cortex-a9 -mfpu=vfpv3 -mfloat-abi=hard -I../../project_bsp/ps7_cortexa9_0/include -MMD -MP -MF"src/sources/rtc.d" -MT"src/sources/rtc.o" -o "src/sources/rtc.o" "../src/sources/rtc.c"
In file included from ../src/sources/../headers/ramInterface.h:6:0,
                 from ../src/sources/../headers/rtc.h:9,
                 from ../src/sources/rtc.c:3:
../src/sources/../headers/types.h:21:0: warning: "FALSE" redefined
 #define FALSE 0
 
In file included from ../../project_bsp/ps7_cortexa9_0/include/xil_printf.h:11:0,
                 from ../src/sources/../headers/types.h:5,
                 from ../src/sources/../headers/ramInterface.h:6,
                 from ../src/sources/../headers/rtc.h:9,
                 from ../src/sources/rtc.c:3:
../../project_bsp/ps7_cortexa9_0/include/xil_types.h:69:0: note: this is the location of the previous definition
 #  define FALSE  0U
 
In file included from ../src/sources/../headers/ramInterface.h:6:0,
                 from ../src/sources/../headers/rtc.h:9,
                 from ../src/sources/rtc.c:3:
../src/sources/../headers/types.h:22:0: warning: "TRUE" redefined
 #define TRUE 1
 
In file included from ../../project_bsp/ps7_cortexa9_0/include/xil_printf.h:11:0,
                 from ../src/sources/../headers/types.h:5,
                 from ../src/sources/../headers/ramInterface.h:6,
                 from ../src/sources/../headers/rtc.h:9,
                 from ../src/sources/rtc.c:3:
../../project_bsp/ps7_cortexa9_0/include/xil_types.h:65:0: note: this is the location of the previous definition
 #  define TRUE  1U
 
../src/sources/rtc.c: In function 'interruptTask':
../src/sources/rtc.c:47:9: warning: variable 'angle' set but not used [-Wunused-but-set-variable]
  double angle;
         ^~~~~
In file included from ../src/sources/../headers/rtc.h:14:0,
                 from ../src/sources/rtc.c:3:
../src/sources/rtc.c: At top level:
../src/sources/../headers/pi_controller.h:38:15: warning: 'setKp' declared 'static' but never defined [-Wunused-function]
 static double setKp(Controller *c, double _kp);
               ^~~~~
../src/sources/../headers/pi_controller.h:39:15: warning: 'setKi' declared 'static' but never defined [-Wunused-function]
 static double setKi(Controller *c, double _ki);
               ^~~~~
../src/sources/../headers/pi_controller.h:40:15: warning: 'setLastOutput' declared 'static' but never defined [-Wunused-function]
 static double setLastOutput(Controller *c, double _outputOld);
               ^~~~~~~~~~~~~
../src/sources/../headers/pi_controller.h:41:15: warning: 'setLastInput' declared 'static' but never defined [-Wunused-function]
 static double setLastInput(Controller *c, double _inputOld);
               ^~~~~~~~~~~~
In file included from ../src/sources/../headers/isr.h:13:0,
                 from ../src/sources/../headers/rtc.h:15,
                 from ../src/sources/rtc.c:3:
../src/sources/../headers/adc.h:25:16: warning: 'XAdcInstPtr' defined but not used [-Wunused-variable]
 static XAdcPs *XAdcInstPtr;  /* Pointer to driver istance */
                ^~~~~~~~~~~
../src/sources/../headers/adc.h:24:15: warning: 'XAdcInst' defined but not used [-Wunused-variable]
 static XAdcPs XAdcInst;      /* XADC driver instance */
               ^~~~~~~~
Finished building: ../src/sources/rtc.c
 
Building target: project.elf
Invoking: ARM v7 gcc linker
arm-none-eabi-gcc -mcpu=cortex-a9 -mfpu=vfpv3 -mfloat-abi=hard -Wl,-build-id=none -specs=Xilinx.spec -Wl,-T -Wl,../src/lscript.ld -L../../project_bsp/ps7_cortexa9_0/lib -o "project.elf"  ./src/sources/adc.o ./src/sources/clarkepark.o ./src/sources/dutycycle.o ./src/sources/isr.o ./src/sources/math.o ./src/sources/phase3.o ./src/sources/pi_controller.o ./src/sources/ramInterface.o ./src/sources/rtc.o  ./src/main.o ./src/platform.o  ./.metadata/.plugins/org.eclipse.cdt.make.core/specs.o   -Wl,--start-group,-lxil,-lgcc,-lc,--end-group
Finished building target: project.elf
 
Invoking: ARM v7 Print Size
arm-none-eabi-size project.elf  |tee "project.elf.size"
   text	   data	    bss	    dec	    hex	filename
  84656	   2588	  23504	 110748	  1b09c	project.elf
Finished building: project.elf.size
 
17:52:12 **** Incremental Build of configuration Debug for project project ****
make pre-build main-build 
a9-linaro-pre-build-step
 
make: Nothing to be done for 'main-build'.
17:52:53 **** Auto Build of configuration Debug for project project ****
make pre-build main-build 
a9-linaro-pre-build-step
 
Building file: ../src/sources/rtc.c
Invoking: ARM v7 gcc compiler
arm-none-eabi-gcc -Wall -O0 -g3 -c -fmessage-length=0 -MT"src/sources/rtc.o" -mcpu=cortex-a9 -mfpu=vfpv3 -mfloat-abi=hard -I../../project_bsp/ps7_cortexa9_0/include -MMD -MP -MF"src/sources/rtc.d" -MT"src/sources/rtc.o" -o "src/sources/rtc.o" "../src/sources/rtc.c"
In file included from ../src/sources/../headers/ramInterface.h:6:0,
                 from ../src/sources/../headers/rtc.h:9,
                 from ../src/sources/rtc.c:3:
../src/sources/../headers/types.h:21:0: warning: "FALSE" redefined
 #define FALSE 0
 
In file included from ../../project_bsp/ps7_cortexa9_0/include/xil_printf.h:11:0,
                 from ../src/sources/../headers/types.h:5,
                 from ../src/sources/../headers/ramInterface.h:6,
                 from ../src/sources/../headers/rtc.h:9,
                 from ../src/sources/rtc.c:3:
../../project_bsp/ps7_cortexa9_0/include/xil_types.h:69:0: note: this is the location of the previous definition
 #  define FALSE  0U
 
In file included from ../src/sources/../headers/ramInterface.h:6:0,
                 from ../src/sources/../headers/rtc.h:9,
                 from ../src/sources/rtc.c:3:
../src/sources/../headers/types.h:22:0: warning: "TRUE" redefined
 #define TRUE 1
 
In file included from ../../project_bsp/ps7_cortexa9_0/include/xil_printf.h:11:0,
                 from ../src/sources/../headers/types.h:5,
                 from ../src/sources/../headers/ramInterface.h:6,
                 from ../src/sources/../headers/rtc.h:9,
                 from ../src/sources/rtc.c:3:
../../project_bsp/ps7_cortexa9_0/include/xil_types.h:65:0: note: this is the location of the previous definition
 #  define TRUE  1U
 
../src/sources/rtc.c: In function 'interruptTask':
../src/sources/rtc.c:47:9: warning: variable 'angle' set but not used [-Wunused-but-set-variable]
  double angle;
         ^~~~~
In file included from ../src/sources/../headers/rtc.h:14:0,
                 from ../src/sources/rtc.c:3:
../src/sources/rtc.c: At top level:
../src/sources/../headers/pi_controller.h:38:15: warning: 'setKp' declared 'static' but never defined [-Wunused-function]
 static double setKp(Controller *c, double _kp);
               ^~~~~
../src/sources/../headers/pi_controller.h:39:15: warning: 'setKi' declared 'static' but never defined [-Wunused-function]
 static double setKi(Controller *c, double _ki);
               ^~~~~
../src/sources/../headers/pi_controller.h:40:15: warning: 'setLastOutput' declared 'static' but never defined [-Wunused-function]
 static double setLastOutput(Controller *c, double _outputOld);
               ^~~~~~~~~~~~~
../src/sources/../headers/pi_controller.h:41:15: warning: 'setLastInput' declared 'static' but never defined [-Wunused-function]
 static double setLastInput(Controller *c, double _inputOld);
               ^~~~~~~~~~~~
In file included from ../src/sources/../headers/isr.h:13:0,
                 from ../src/sources/../headers/rtc.h:15,
                 from ../src/sources/rtc.c:3:
../src/sources/../headers/adc.h:25:16: warning: 'XAdcInstPtr' defined but not used [-Wunused-variable]
 static XAdcPs *XAdcInstPtr;  /* Pointer to driver istance */
                ^~~~~~~~~~~
../src/sources/../headers/adc.h:24:15: warning: 'XAdcInst' defined but not used [-Wunused-variable]
 static XAdcPs XAdcInst;      /* XADC driver instance */
               ^~~~~~~~
Finished building: ../src/sources/rtc.c
 
Building target: project.elf
Invoking: ARM v7 gcc linker
arm-none-eabi-gcc -mcpu=cortex-a9 -mfpu=vfpv3 -mfloat-abi=hard -Wl,-build-id=none -specs=Xilinx.spec -Wl,-T -Wl,../src/lscript.ld -L../../project_bsp/ps7_cortexa9_0/lib -o "project.elf"  ./src/sources/adc.o ./src/sources/clarkepark.o ./src/sources/dutycycle.o ./src/sources/isr.o ./src/sources/math.o ./src/sources/phase3.o ./src/sources/pi_controller.o ./src/sources/ramInterface.o ./src/sources/rtc.o  ./src/main.o ./src/platform.o  ./.metadata/.plugins/org.eclipse.cdt.make.core/specs.o   -Wl,--start-group,-lxil,-lgcc,-lc,--end-group
Finished building target: project.elf
 
Invoking: ARM v7 Print Size
arm-none-eabi-size project.elf  |tee "project.elf.size"
   text	   data	    bss	    dec	    hex	filename
  84656	   2588	  23504	 110748	  1b09c	project.elf
Finished building: project.elf.size
 
17:53:23 **** Auto Build of configuration Debug for project project ****
make pre-build main-build 
a9-linaro-pre-build-step
 
Building file: ../src/sources/rtc.c
Invoking: ARM v7 gcc compiler
arm-none-eabi-gcc -Wall -O0 -g3 -c -fmessage-length=0 -MT"src/sources/rtc.o" -mcpu=cortex-a9 -mfpu=vfpv3 -mfloat-abi=hard -I../../project_bsp/ps7_cortexa9_0/include -MMD -MP -MF"src/sources/rtc.d" -MT"src/sources/rtc.o" -o "src/sources/rtc.o" "../src/sources/rtc.c"
In file included from ../src/sources/../headers/ramInterface.h:6:0,
                 from ../src/sources/../headers/rtc.h:9,
                 from ../src/sources/rtc.c:3:
../src/sources/../headers/types.h:21:0: warning: "FALSE" redefined
 #define FALSE 0
 
In file included from ../../project_bsp/ps7_cortexa9_0/include/xil_printf.h:11:0,
                 from ../src/sources/../headers/types.h:5,
                 from ../src/sources/../headers/ramInterface.h:6,
                 from ../src/sources/../headers/rtc.h:9,
                 from ../src/sources/rtc.c:3:
../../project_bsp/ps7_cortexa9_0/include/xil_types.h:69:0: note: this is the location of the previous definition
 #  define FALSE  0U
 
In file included from ../src/sources/../headers/ramInterface.h:6:0,
                 from ../src/sources/../headers/rtc.h:9,
                 from ../src/sources/rtc.c:3:
../src/sources/../headers/types.h:22:0: warning: "TRUE" redefined
 #define TRUE 1
 
In file included from ../../project_bsp/ps7_cortexa9_0/include/xil_printf.h:11:0,
                 from ../src/sources/../headers/types.h:5,
                 from ../src/sources/../headers/ramInterface.h:6,
                 from ../src/sources/../headers/rtc.h:9,
                 from ../src/sources/rtc.c:3:
../../project_bsp/ps7_cortexa9_0/include/xil_types.h:65:0: note: this is the location of the previous definition
 #  define TRUE  1U
 
../src/sources/rtc.c: In function 'interruptTask':
../src/sources/rtc.c:47:9: warning: variable 'angle' set but not used [-Wunused-but-set-variable]
  double angle;
         ^~~~~
In file included from ../src/sources/../headers/rtc.h:14:0,
                 from ../src/sources/rtc.c:3:
../src/sources/rtc.c: At top level:
../src/sources/../headers/pi_controller.h:38:15: warning: 'setKp' declared 'static' but never defined [-Wunused-function]
 static double setKp(Controller *c, double _kp);
               ^~~~~
../src/sources/../headers/pi_controller.h:39:15: warning: 'setKi' declared 'static' but never defined [-Wunused-function]
 static double setKi(Controller *c, double _ki);
               ^~~~~
../src/sources/../headers/pi_controller.h:40:15: warning: 'setLastOutput' declared 'static' but never defined [-Wunused-function]
 static double setLastOutput(Controller *c, double _outputOld);
               ^~~~~~~~~~~~~
../src/sources/../headers/pi_controller.h:41:15: warning: 'setLastInput' declared 'static' but never defined [-Wunused-function]
 static double setLastInput(Controller *c, double _inputOld);
               ^~~~~~~~~~~~
In file included from ../src/sources/../headers/isr.h:13:0,
                 from ../src/sources/../headers/rtc.h:15,
                 from ../src/sources/rtc.c:3:
../src/sources/../headers/adc.h:25:16: warning: 'XAdcInstPtr' defined but not used [-Wunused-variable]
 static XAdcPs *XAdcInstPtr;  /* Pointer to driver istance */
                ^~~~~~~~~~~
../src/sources/../headers/adc.h:24:15: warning: 'XAdcInst' defined but not used [-Wunused-variable]
 static XAdcPs XAdcInst;      /* XADC driver instance */
               ^~~~~~~~
Finished building: ../src/sources/rtc.c
 
Building target: project.elf
Invoking: ARM v7 gcc linker
arm-none-eabi-gcc -mcpu=cortex-a9 -mfpu=vfpv3 -mfloat-abi=hard -Wl,-build-id=none -specs=Xilinx.spec -Wl,-T -Wl,../src/lscript.ld -L../../project_bsp/ps7_cortexa9_0/lib -o "project.elf"  ./src/sources/adc.o ./src/sources/clarkepark.o ./src/sources/dutycycle.o ./src/sources/isr.o ./src/sources/math.o ./src/sources/phase3.o ./src/sources/pi_controller.o ./src/sources/ramInterface.o ./src/sources/rtc.o  ./src/main.o ./src/platform.o  ./.metadata/.plugins/org.eclipse.cdt.make.core/specs.o   -Wl,--start-group,-lxil,-lgcc,-lc,--end-group
Finished building target: project.elf
 
Invoking: ARM v7 Print Size
arm-none-eabi-size project.elf  |tee "project.elf.size"
   text	   data	    bss	    dec	    hex	filename
  84728	   2588	  23504	 110820	  1b0e4	project.elf
Finished building: project.elf.size
 
17:53:30 **** Incremental Build of configuration Debug for project project ****
make pre-build main-build 
a9-linaro-pre-build-step
 
make: Nothing to be done for 'main-build'.
17:54:10 **** Auto Build of configuration Debug for project project ****
make pre-build main-build 
a9-linaro-pre-build-step
 
Building file: ../src/sources/rtc.c
Invoking: ARM v7 gcc compiler
arm-none-eabi-gcc -Wall -O0 -g3 -c -fmessage-length=0 -MT"src/sources/rtc.o" -mcpu=cortex-a9 -mfpu=vfpv3 -mfloat-abi=hard -I../../project_bsp/ps7_cortexa9_0/include -MMD -MP -MF"src/sources/rtc.d" -MT"src/sources/rtc.o" -o "src/sources/rtc.o" "../src/sources/rtc.c"
In file included from ../src/sources/../headers/ramInterface.h:6:0,
                 from ../src/sources/../headers/rtc.h:9,
                 from ../src/sources/rtc.c:3:
../src/sources/../headers/types.h:21:0: warning: "FALSE" redefined
 #define FALSE 0
 
In file included from ../../project_bsp/ps7_cortexa9_0/include/xil_printf.h:11:0,
                 from ../src/sources/../headers/types.h:5,
                 from ../src/sources/../headers/ramInterface.h:6,
                 from ../src/sources/../headers/rtc.h:9,
                 from ../src/sources/rtc.c:3:
../../project_bsp/ps7_cortexa9_0/include/xil_types.h:69:0: note: this is the location of the previous definition
 #  define FALSE  0U
 
In file included from ../src/sources/../headers/ramInterface.h:6:0,
                 from ../src/sources/../headers/rtc.h:9,
                 from ../src/sources/rtc.c:3:
../src/sources/../headers/types.h:22:0: warning: "TRUE" redefined
 #define TRUE 1
 
In file included from ../../project_bsp/ps7_cortexa9_0/include/xil_printf.h:11:0,
                 from ../src/sources/../headers/types.h:5,
                 from ../src/sources/../headers/ramInterface.h:6,
                 from ../src/sources/../headers/rtc.h:9,
                 from ../src/sources/rtc.c:3:
../../project_bsp/ps7_cortexa9_0/include/xil_types.h:65:0: note: this is the location of the previous definition
 #  define TRUE  1U
 
../src/sources/rtc.c: In function 'interruptTask':
../src/sources/rtc.c:47:9: warning: variable 'angle' set but not used [-Wunused-but-set-variable]
  double angle;
         ^~~~~
In file included from ../src/sources/../headers/rtc.h:14:0,
                 from ../src/sources/rtc.c:3:
../src/sources/rtc.c: At top level:
../src/sources/../headers/pi_controller.h:38:15: warning: 'setKp' declared 'static' but never defined [-Wunused-function]
 static double setKp(Controller *c, double _kp);
               ^~~~~
../src/sources/../headers/pi_controller.h:39:15: warning: 'setKi' declared 'static' but never defined [-Wunused-function]
 static double setKi(Controller *c, double _ki);
               ^~~~~
../src/sources/../headers/pi_controller.h:40:15: warning: 'setLastOutput' declared 'static' but never defined [-Wunused-function]
 static double setLastOutput(Controller *c, double _outputOld);
               ^~~~~~~~~~~~~
../src/sources/../headers/pi_controller.h:41:15: warning: 'setLastInput' declared 'static' but never defined [-Wunused-function]
 static double setLastInput(Controller *c, double _inputOld);
               ^~~~~~~~~~~~
In file included from ../src/sources/../headers/isr.h:13:0,
                 from ../src/sources/../headers/rtc.h:15,
                 from ../src/sources/rtc.c:3:
../src/sources/../headers/adc.h:25:16: warning: 'XAdcInstPtr' defined but not used [-Wunused-variable]
 static XAdcPs *XAdcInstPtr;  /* Pointer to driver istance */
                ^~~~~~~~~~~
../src/sources/../headers/adc.h:24:15: warning: 'XAdcInst' defined but not used [-Wunused-variable]
 static XAdcPs XAdcInst;      /* XADC driver instance */
               ^~~~~~~~
Finished building: ../src/sources/rtc.c
 
Building file: ../src/main.c
Invoking: ARM v7 gcc compiler
arm-none-eabi-gcc -Wall -O0 -g3 -c -fmessage-length=0 -MT"src/main.o" -mcpu=cortex-a9 -mfpu=vfpv3 -mfloat-abi=hard -I../../project_bsp/ps7_cortexa9_0/include -MMD -MP -MF"src/main.d" -MT"src/main.o" -o "src/main.o" "../src/main.c"
In file included from ../src/headers/ramInterface.h:6:0,
                 from ../src/headers/rtc.h:9,
                 from ../src/main.c:5:
../src/headers/types.h:21:0: warning: "FALSE" redefined
 #define FALSE 0
 
In file included from ../../project_bsp/ps7_cortexa9_0/include/xil_printf.h:11:0,
                 from ../src/main.c:3:
../../project_bsp/ps7_cortexa9_0/include/xil_types.h:69:0: note: this is the location of the previous definition
 #  define FALSE  0U
 
In file included from ../src/headers/ramInterface.h:6:0,
                 from ../src/headers/rtc.h:9,
                 from ../src/main.c:5:
../src/headers/types.h:22:0: warning: "TRUE" redefined
 #define TRUE 1
 
In file included from ../../project_bsp/ps7_cortexa9_0/include/xil_printf.h:11:0,
                 from ../src/main.c:3:
../../project_bsp/ps7_cortexa9_0/include/xil_types.h:65:0: note: this is the location of the previous definition
 #  define TRUE  1U
 
In file included from ../src/headers/rtc.h:14:0,
                 from ../src/main.c:5:
../src/headers/pi_controller.h:38:15: warning: 'setKp' declared 'static' but never defined [-Wunused-function]
 static double setKp(Controller *c, double _kp);
               ^~~~~
../src/headers/pi_controller.h:39:15: warning: 'setKi' declared 'static' but never defined [-Wunused-function]
 static double setKi(Controller *c, double _ki);
               ^~~~~
../src/headers/pi_controller.h:40:15: warning: 'setLastOutput' declared 'static' but never defined [-Wunused-function]
 static double setLastOutput(Controller *c, double _outputOld);
               ^~~~~~~~~~~~~
../src/headers/pi_controller.h:41:15: warning: 'setLastInput' declared 'static' but never defined [-Wunused-function]
 static double setLastInput(Controller *c, double _inputOld);
               ^~~~~~~~~~~~
In file included from ../src/headers/rtc.h:15:0,
                 from ../src/main.c:5:
../src/headers/isr.h:19:12: warning: 'gIB' defined but not used [-Wunused-variable]
 static u32 gIB;
            ^~~
../src/headers/isr.h:18:12: warning: 'gIA' defined but not used [-Wunused-variable]
 static u32 gIA;
            ^~~
In file included from ../src/headers/isr.h:13:0,
                 from ../src/headers/rtc.h:15,
                 from ../src/main.c:5:
../src/headers/adc.h:25:16: warning: 'XAdcInstPtr' defined but not used [-Wunused-variable]
 static XAdcPs *XAdcInstPtr;  /* Pointer to driver istance */
                ^~~~~~~~~~~
../src/headers/adc.h:24:15: warning: 'XAdcInst' defined but not used [-Wunused-variable]
 static XAdcPs XAdcInst;      /* XADC driver instance */
               ^~~~~~~~
Finished building: ../src/main.c
 
Building target: project.elf
Invoking: ARM v7 gcc linker
arm-none-eabi-gcc -mcpu=cortex-a9 -mfpu=vfpv3 -mfloat-abi=hard -Wl,-build-id=none -specs=Xilinx.spec -Wl,-T -Wl,../src/lscript.ld -L../../project_bsp/ps7_cortexa9_0/lib -o "project.elf"  ./src/sources/adc.o ./src/sources/clarkepark.o ./src/sources/dutycycle.o ./src/sources/isr.o ./src/sources/math.o ./src/sources/phase3.o ./src/sources/pi_controller.o ./src/sources/ramInterface.o ./src/sources/rtc.o  ./src/main.o ./src/platform.o  ./.metadata/.plugins/org.eclipse.cdt.make.core/specs.o   -Wl,--start-group,-lxil,-lgcc,-lc,--end-group
Finished building target: project.elf
 
Invoking: ARM v7 Print Size
arm-none-eabi-size project.elf  |tee "project.elf.size"
   text	   data	    bss	    dec	    hex	filename
  84728	   2588	  23504	 110820	  1b0e4	project.elf
Finished building: project.elf.size
 
17:54:11 **** Incremental Build of configuration Debug for project project ****
make pre-build main-build 
a9-linaro-pre-build-step
 
make: Nothing to be done for 'main-build'.
17:54:48 **** Auto Build of configuration Debug for project project ****
make pre-build main-build 
a9-linaro-pre-build-step
 
Building file: ../src/sources/ramInterface.c
Invoking: ARM v7 gcc compiler
arm-none-eabi-gcc -Wall -O0 -g3 -c -fmessage-length=0 -MT"src/sources/ramInterface.o" -mcpu=cortex-a9 -mfpu=vfpv3 -mfloat-abi=hard -I../../project_bsp/ps7_cortexa9_0/include -MMD -MP -MF"src/sources/ramInterface.d" -MT"src/sources/ramInterface.o" -o "src/sources/ramInterface.o" "../src/sources/ramInterface.c"
In file included from ../src/sources/../headers/ramInterface.h:6:0,
                 from ../src/sources/ramInterface.c:3:
../src/sources/../headers/types.h:21:0: warning: "FALSE" redefined
 #define FALSE 0
 
In file included from ../../project_bsp/ps7_cortexa9_0/include/xil_printf.h:11:0,
                 from ../src/sources/../headers/types.h:5,
                 from ../src/sources/../headers/ramInterface.h:6,
                 from ../src/sources/ramInterface.c:3:
../../project_bsp/ps7_cortexa9_0/include/xil_types.h:69:0: note: this is the location of the previous definition
 #  define FALSE  0U
 
In file included from ../src/sources/../headers/ramInterface.h:6:0,
                 from ../src/sources/ramInterface.c:3:
../src/sources/../headers/types.h:22:0: warning: "TRUE" redefined
 #define TRUE 1
 
In file included from ../../project_bsp/ps7_cortexa9_0/include/xil_printf.h:11:0,
                 from ../src/sources/../headers/types.h:5,
                 from ../src/sources/../headers/ramInterface.h:6,
                 from ../src/sources/ramInterface.c:3:
../../project_bsp/ps7_cortexa9_0/include/xil_types.h:65:0: note: this is the location of the previous definition
 #  define TRUE  1U
 
../src/sources/ramInterface.c: In function 'readMemory':
../src/sources/ramInterface.c:9:11: warning: unused variable 'addr' [-Wunused-variable]
  addr_typ addr = BASE_ADDRESS + (VARIABLE_SIZE * _addr);
           ^~~~
Finished building: ../src/sources/ramInterface.c
 
Building target: project.elf
Invoking: ARM v7 gcc linker
arm-none-eabi-gcc -mcpu=cortex-a9 -mfpu=vfpv3 -mfloat-abi=hard -Wl,-build-id=none -specs=Xilinx.spec -Wl,-T -Wl,../src/lscript.ld -L../../project_bsp/ps7_cortexa9_0/lib -o "project.elf"  ./src/sources/adc.o ./src/sources/clarkepark.o ./src/sources/dutycycle.o ./src/sources/isr.o ./src/sources/math.o ./src/sources/phase3.o ./src/sources/pi_controller.o ./src/sources/ramInterface.o ./src/sources/rtc.o  ./src/main.o ./src/platform.o  ./.metadata/.plugins/org.eclipse.cdt.make.core/specs.o   -Wl,--start-group,-lxil,-lgcc,-lc,--end-group
Finished building target: project.elf
 
Invoking: ARM v7 Print Size
arm-none-eabi-size project.elf  |tee "project.elf.size"
   text	   data	    bss	    dec	    hex	filename
  84640	   2588	  23504	 110732	  1b08c	project.elf
Finished building: project.elf.size
 
17:54:58 **** Incremental Build of configuration Debug for project project ****
make pre-build main-build 
a9-linaro-pre-build-step
 
make: Nothing to be done for 'main-build'.
17:55:15 **** Incremental Build of configuration Debug for project project ****
make pre-build main-build 
a9-linaro-pre-build-step
 
Building file: ../src/sources/rtc.c
Invoking: ARM v7 gcc compiler
arm-none-eabi-gcc -Wall -O0 -g3 -c -fmessage-length=0 -MT"src/sources/rtc.o" -mcpu=cortex-a9 -mfpu=vfpv3 -mfloat-abi=hard -I../../project_bsp/ps7_cortexa9_0/include -MMD -MP -MF"src/sources/rtc.d" -MT"src/sources/rtc.o" -o "src/sources/rtc.o" "../src/sources/rtc.c"
In file included from ../src/sources/../headers/ramInterface.h:6:0,
                 from ../src/sources/../headers/rtc.h:9,
                 from ../src/sources/rtc.c:3:
../src/sources/../headers/types.h:21:0: warning: "FALSE" redefined
 #define FALSE 0
 
In file included from ../../project_bsp/ps7_cortexa9_0/include/xil_printf.h:11:0,
                 from ../src/sources/../headers/types.h:5,
                 from ../src/sources/../headers/ramInterface.h:6,
                 from ../src/sources/../headers/rtc.h:9,
                 from ../src/sources/rtc.c:3:
../../project_bsp/ps7_cortexa9_0/include/xil_types.h:69:0: note: this is the location of the previous definition
 #  define FALSE  0U
 
In file included from ../src/sources/../headers/ramInterface.h:6:0,
                 from ../src/sources/../headers/rtc.h:9,
                 from ../src/sources/rtc.c:3:
../src/sources/../headers/types.h:22:0: warning: "TRUE" redefined
 #define TRUE 1
 
In file included from ../../project_bsp/ps7_cortexa9_0/include/xil_printf.h:11:0,
                 from ../src/sources/../headers/types.h:5,
                 from ../src/sources/../headers/ramInterface.h:6,
                 from ../src/sources/../headers/rtc.h:9,
                 from ../src/sources/rtc.c:3:
../../project_bsp/ps7_cortexa9_0/include/xil_types.h:65:0: note: this is the location of the previous definition
 #  define TRUE  1U
 
../src/sources/rtc.c: In function 'interruptTask':
../src/sources/rtc.c:47:9: warning: variable 'angle' set but not used [-Wunused-but-set-variable]
  double angle;
         ^~~~~
In file included from ../src/sources/../headers/rtc.h:14:0,
                 from ../src/sources/rtc.c:3:
../src/sources/rtc.c: At top level:
../src/sources/../headers/pi_controller.h:38:15: warning: 'setKp' declared 'static' but never defined [-Wunused-function]
 static double setKp(Controller *c, double _kp);
               ^~~~~
../src/sources/../headers/pi_controller.h:39:15: warning: 'setKi' declared 'static' but never defined [-Wunused-function]
 static double setKi(Controller *c, double _ki);
               ^~~~~
../src/sources/../headers/pi_controller.h:40:15: warning: 'setLastOutput' declared 'static' but never defined [-Wunused-function]
 static double setLastOutput(Controller *c, double _outputOld);
               ^~~~~~~~~~~~~
../src/sources/../headers/pi_controller.h:41:15: warning: 'setLastInput' declared 'static' but never defined [-Wunused-function]
 static double setLastInput(Controller *c, double _inputOld);
               ^~~~~~~~~~~~
In file included from ../src/sources/../headers/isr.h:13:0,
                 from ../src/sources/../headers/rtc.h:15,
                 from ../src/sources/rtc.c:3:
../src/sources/../headers/adc.h:25:16: warning: 'XAdcInstPtr' defined but not used [-Wunused-variable]
 static XAdcPs *XAdcInstPtr;  /* Pointer to driver istance */
                ^~~~~~~~~~~
../src/sources/../headers/adc.h:24:15: warning: 'XAdcInst' defined but not used [-Wunused-variable]
 static XAdcPs XAdcInst;      /* XADC driver instance */
               ^~~~~~~~
Finished building: ../src/sources/rtc.c
 
Building target: project.elf
Invoking: ARM v7 gcc linker
arm-none-eabi-gcc -mcpu=cortex-a9 -mfpu=vfpv3 -mfloat-abi=hard -Wl,-build-id=none -specs=Xilinx.spec -Wl,-T -Wl,../src/lscript.ld -L../../project_bsp/ps7_cortexa9_0/lib -o "project.elf"  ./src/sources/adc.o ./src/sources/clarkepark.o ./src/sources/dutycycle.o ./src/sources/isr.o ./src/sources/math.o ./src/sources/phase3.o ./src/sources/pi_controller.o ./src/sources/ramInterface.o ./src/sources/rtc.o  ./src/main.o ./src/platform.o  ./.metadata/.plugins/org.eclipse.cdt.make.core/specs.o   -Wl,--start-group,-lxil,-lgcc,-lc,--end-group
Finished building target: project.elf
 
Invoking: ARM v7 Print Size
arm-none-eabi-size project.elf  |tee "project.elf.size"
   text	   data	    bss	    dec	    hex	filename
  84648	   2588	  23504	 110740	  1b094	project.elf
Finished building: project.elf.size
 
17:55:42 **** Incremental Build of configuration Debug for project project ****
make pre-build main-build 
a9-linaro-pre-build-step
 
Building file: ../src/sources/rtc.c
Invoking: ARM v7 gcc compiler
arm-none-eabi-gcc -Wall -O0 -g3 -c -fmessage-length=0 -MT"src/sources/rtc.o" -mcpu=cortex-a9 -mfpu=vfpv3 -mfloat-abi=hard -I../../project_bsp/ps7_cortexa9_0/include -MMD -MP -MF"src/sources/rtc.d" -MT"src/sources/rtc.o" -o "src/sources/rtc.o" "../src/sources/rtc.c"
In file included from ../src/sources/../headers/ramInterface.h:6:0,
                 from ../src/sources/../headers/rtc.h:9,
                 from ../src/sources/rtc.c:3:
../src/sources/../headers/types.h:21:0: warning: "FALSE" redefined
 #define FALSE 0
 
In file included from ../../project_bsp/ps7_cortexa9_0/include/xil_printf.h:11:0,
                 from ../src/sources/../headers/types.h:5,
                 from ../src/sources/../headers/ramInterface.h:6,
                 from ../src/sources/../headers/rtc.h:9,
                 from ../src/sources/rtc.c:3:
../../project_bsp/ps7_cortexa9_0/include/xil_types.h:69:0: note: this is the location of the previous definition
 #  define FALSE  0U
 
In file included from ../src/sources/../headers/ramInterface.h:6:0,
                 from ../src/sources/../headers/rtc.h:9,
                 from ../src/sources/rtc.c:3:
../src/sources/../headers/types.h:22:0: warning: "TRUE" redefined
 #define TRUE 1
 
In file included from ../../project_bsp/ps7_cortexa9_0/include/xil_printf.h:11:0,
                 from ../src/sources/../headers/types.h:5,
                 from ../src/sources/../headers/ramInterface.h:6,
                 from ../src/sources/../headers/rtc.h:9,
                 from ../src/sources/rtc.c:3:
../../project_bsp/ps7_cortexa9_0/include/xil_types.h:65:0: note: this is the location of the previous definition
 #  define TRUE  1U
 
../src/sources/rtc.c: In function 'interruptTask':
../src/sources/rtc.c:47:9: warning: variable 'angle' set but not used [-Wunused-but-set-variable]
  double angle;
         ^~~~~
In file included from ../src/sources/../headers/rtc.h:14:0,
                 from ../src/sources/rtc.c:3:
../src/sources/rtc.c: At top level:
../src/sources/../headers/pi_controller.h:38:15: warning: 'setKp' declared 'static' but never defined [-Wunused-function]
 static double setKp(Controller *c, double _kp);
               ^~~~~
../src/sources/../headers/pi_controller.h:39:15: warning: 'setKi' declared 'static' but never defined [-Wunused-function]
 static double setKi(Controller *c, double _ki);
               ^~~~~
../src/sources/../headers/pi_controller.h:40:15: warning: 'setLastOutput' declared 'static' but never defined [-Wunused-function]
 static double setLastOutput(Controller *c, double _outputOld);
               ^~~~~~~~~~~~~
../src/sources/../headers/pi_controller.h:41:15: warning: 'setLastInput' declared 'static' but never defined [-Wunused-function]
 static double setLastInput(Controller *c, double _inputOld);
               ^~~~~~~~~~~~
In file included from ../src/sources/../headers/isr.h:13:0,
                 from ../src/sources/../headers/rtc.h:15,
                 from ../src/sources/rtc.c:3:
../src/sources/../headers/adc.h:25:16: warning: 'XAdcInstPtr' defined but not used [-Wunused-variable]
 static XAdcPs *XAdcInstPtr;  /* Pointer to driver istance */
                ^~~~~~~~~~~
../src/sources/../headers/adc.h:24:15: warning: 'XAdcInst' defined but not used [-Wunused-variable]
 static XAdcPs XAdcInst;      /* XADC driver instance */
               ^~~~~~~~
Finished building: ../src/sources/rtc.c
 
Building target: project.elf
Invoking: ARM v7 gcc linker
arm-none-eabi-gcc -mcpu=cortex-a9 -mfpu=vfpv3 -mfloat-abi=hard -Wl,-build-id=none -specs=Xilinx.spec -Wl,-T -Wl,../src/lscript.ld -L../../project_bsp/ps7_cortexa9_0/lib -o "project.elf"  ./src/sources/adc.o ./src/sources/clarkepark.o ./src/sources/dutycycle.o ./src/sources/isr.o ./src/sources/math.o ./src/sources/phase3.o ./src/sources/pi_controller.o ./src/sources/ramInterface.o ./src/sources/rtc.o  ./src/main.o ./src/platform.o  ./.metadata/.plugins/org.eclipse.cdt.make.core/specs.o   -Wl,--start-group,-lxil,-lgcc,-lc,--end-group
Finished building target: project.elf
 
Invoking: ARM v7 Print Size
arm-none-eabi-size project.elf  |tee "project.elf.size"
   text	   data	    bss	    dec	    hex	filename
  84728	   2588	  23504	 110820	  1b0e4	project.elf
Finished building: project.elf.size
 
17:56:13 **** Incremental Build of configuration Debug for project project ****
make pre-build main-build 
a9-linaro-pre-build-step
 
Building file: ../src/sources/rtc.c
Invoking: ARM v7 gcc compiler
arm-none-eabi-gcc -Wall -O0 -g3 -c -fmessage-length=0 -MT"src/sources/rtc.o" -mcpu=cortex-a9 -mfpu=vfpv3 -mfloat-abi=hard -I../../project_bsp/ps7_cortexa9_0/include -MMD -MP -MF"src/sources/rtc.d" -MT"src/sources/rtc.o" -o "src/sources/rtc.o" "../src/sources/rtc.c"
In file included from ../src/sources/../headers/ramInterface.h:6:0,
                 from ../src/sources/../headers/rtc.h:9,
                 from ../src/sources/rtc.c:3:
../src/sources/../headers/types.h:21:0: warning: "FALSE" redefined
 #define FALSE 0
 
In file included from ../../project_bsp/ps7_cortexa9_0/include/xil_printf.h:11:0,
                 from ../src/sources/../headers/types.h:5,
                 from ../src/sources/../headers/ramInterface.h:6,
                 from ../src/sources/../headers/rtc.h:9,
                 from ../src/sources/rtc.c:3:
../../project_bsp/ps7_cortexa9_0/include/xil_types.h:69:0: note: this is the location of the previous definition
 #  define FALSE  0U
 
In file included from ../src/sources/../headers/ramInterface.h:6:0,
                 from ../src/sources/../headers/rtc.h:9,
                 from ../src/sources/rtc.c:3:
../src/sources/../headers/types.h:22:0: warning: "TRUE" redefined
 #define TRUE 1
 
In file included from ../../project_bsp/ps7_cortexa9_0/include/xil_printf.h:11:0,
                 from ../src/sources/../headers/types.h:5,
                 from ../src/sources/../headers/ramInterface.h:6,
                 from ../src/sources/../headers/rtc.h:9,
                 from ../src/sources/rtc.c:3:
../../project_bsp/ps7_cortexa9_0/include/xil_types.h:65:0: note: this is the location of the previous definition
 #  define TRUE  1U
 
../src/sources/rtc.c: In function 'interruptTask':
../src/sources/rtc.c:68:9: warning: unused variable 'outQ' [-Wunused-variable]
  double outQ = getOutput(&cQ, iQ);
         ^~~~
../src/sources/rtc.c:67:9: warning: unused variable 'outD' [-Wunused-variable]
  double outD = getOutput(&cD, iD);
         ^~~~
../src/sources/rtc.c:47:9: warning: variable 'angle' set but not used [-Wunused-but-set-variable]
  double angle;
         ^~~~~
In file included from ../src/sources/../headers/rtc.h:14:0,
                 from ../src/sources/rtc.c:3:
../src/sources/rtc.c: At top level:
../src/sources/../headers/pi_controller.h:38:15: warning: 'setKp' declared 'static' but never defined [-Wunused-function]
 static double setKp(Controller *c, double _kp);
               ^~~~~
../src/sources/../headers/pi_controller.h:39:15: warning: 'setKi' declared 'static' but never defined [-Wunused-function]
 static double setKi(Controller *c, double _ki);
               ^~~~~
../src/sources/../headers/pi_controller.h:40:15: warning: 'setLastOutput' declared 'static' but never defined [-Wunused-function]
 static double setLastOutput(Controller *c, double _outputOld);
               ^~~~~~~~~~~~~
../src/sources/../headers/pi_controller.h:41:15: warning: 'setLastInput' declared 'static' but never defined [-Wunused-function]
 static double setLastInput(Controller *c, double _inputOld);
               ^~~~~~~~~~~~
In file included from ../src/sources/../headers/isr.h:13:0,
                 from ../src/sources/../headers/rtc.h:15,
                 from ../src/sources/rtc.c:3:
../src/sources/../headers/adc.h:25:16: warning: 'XAdcInstPtr' defined but not used [-Wunused-variable]
 static XAdcPs *XAdcInstPtr;  /* Pointer to driver istance */
                ^~~~~~~~~~~
../src/sources/../headers/adc.h:24:15: warning: 'XAdcInst' defined but not used [-Wunused-variable]
 static XAdcPs XAdcInst;      /* XADC driver instance */
               ^~~~~~~~
Finished building: ../src/sources/rtc.c
 
[...]
 #define TRUE 1
 
In file included from ../../project_bsp/ps7_cortexa9_0/include/xil_printf.h:11:0,
                 from ../src/main.c:3:
../../project_bsp/ps7_cortexa9_0/include/xil_types.h:65:0: note: this is the location of the previous definition
 #  define TRUE  1U
 
In file included from ../src/headers/rtc.h:14:0,
                 from ../src/main.c:5:
../src/headers/pi_controller.h:38:15: warning: 'setKp' declared 'static' but never defined [-Wunused-function]
 static double setKp(Controller *c, double _kp);
               ^~~~~
../src/headers/pi_controller.h:39:15: warning: 'setKi' declared 'static' but never defined [-Wunused-function]
 static double setKi(Controller *c, double _ki);
               ^~~~~
../src/headers/pi_controller.h:40:15: warning: 'setLastOutput' declared 'static' but never defined [-Wunused-function]
 static double setLastOutput(Controller *c, double _outputOld);
               ^~~~~~~~~~~~~
../src/headers/pi_controller.h:41:15: warning: 'setLastInput' declared 'static' but never defined [-Wunused-function]
 static double setLastInput(Controller *c, double _inputOld);
               ^~~~~~~~~~~~
In file included from ../src/headers/rtc.h:15:0,
                 from ../src/main.c:5:
../src/headers/isr.h:19:12: warning: 'gIB' defined but not used [-Wunused-variable]
 static u32 gIB;
            ^~~
../src/headers/isr.h:18:12: warning: 'gIA' defined but not used [-Wunused-variable]
 static u32 gIA;
            ^~~
In file included from ../src/headers/isr.h:13:0,
                 from ../src/headers/rtc.h:15,
                 from ../src/main.c:5:
../src/headers/adc.h:25:16: warning: 'XAdcInstPtr' defined but not used [-Wunused-variable]
 static XAdcPs *XAdcInstPtr;  /* Pointer to driver istance */
                ^~~~~~~~~~~
../src/headers/adc.h:24:15: warning: 'XAdcInst' defined but not used [-Wunused-variable]
 static XAdcPs XAdcInst;      /* XADC driver instance */
               ^~~~~~~~
Finished building: ../src/main.c
 
Building target: project.elf
Invoking: ARM v7 gcc linker
arm-none-eabi-gcc -mcpu=cortex-a9 -mfpu=vfpv3 -mfloat-abi=hard -Wl,-build-id=none -specs=Xilinx.spec -Wl,-T -Wl,../src/lscript.ld -L../../project_bsp/ps7_cortexa9_0/lib -o "project.elf"  ./src/sources/adc.o ./src/sources/clarkepark.o ./src/sources/dutycycle.o ./src/sources/isr.o ./src/sources/math.o ./src/sources/phase3.o ./src/sources/pi_controller.o ./src/sources/ramInterface.o ./src/sources/rtc.o  ./src/main.o ./src/platform.o  ./.metadata/.plugins/org.eclipse.cdt.make.core/specs.o   -Wl,--start-group,-lxil,-lgcc,-lc,--end-group
Finished building target: project.elf
 
Invoking: ARM v7 Print Size
arm-none-eabi-size project.elf  |tee "project.elf.size"
   text	   data	    bss	    dec	    hex	filename
  84696	   2588	  23504	 110788	  1b0c4	project.elf
Finished building: project.elf.size
 
20:50:17 **** Incremental Build of configuration Debug for project project ****
make pre-build main-build 
a9-linaro-pre-build-step
 
Building file: ../src/sources/rtc.c
Invoking: ARM v7 gcc compiler
arm-none-eabi-gcc -Wall -O0 -g3 -c -fmessage-length=0 -MT"src/sources/rtc.o" -mcpu=cortex-a9 -mfpu=vfpv3 -mfloat-abi=hard -I../../project_bsp/ps7_cortexa9_0/include -MMD -MP -MF"src/sources/rtc.d" -MT"src/sources/rtc.o" -o "src/sources/rtc.o" "../src/sources/rtc.c"
In file included from ../src/sources/../headers/ramInterface.h:6:0,
                 from ../src/sources/../headers/rtc.h:9,
                 from ../src/sources/rtc.c:3:
../src/sources/../headers/types.h:21:0: warning: "FALSE" redefined
 #define FALSE 0
 
In file included from ../../project_bsp/ps7_cortexa9_0/include/xil_printf.h:11:0,
                 from ../src/sources/../headers/types.h:5,
                 from ../src/sources/../headers/ramInterface.h:6,
                 from ../src/sources/../headers/rtc.h:9,
                 from ../src/sources/rtc.c:3:
../../project_bsp/ps7_cortexa9_0/include/xil_types.h:69:0: note: this is the location of the previous definition
 #  define FALSE  0U
 
In file included from ../src/sources/../headers/ramInterface.h:6:0,
                 from ../src/sources/../headers/rtc.h:9,
                 from ../src/sources/rtc.c:3:
../src/sources/../headers/types.h:22:0: warning: "TRUE" redefined
 #define TRUE 1
 
In file included from ../../project_bsp/ps7_cortexa9_0/include/xil_printf.h:11:0,
                 from ../src/sources/../headers/types.h:5,
                 from ../src/sources/../headers/ramInterface.h:6,
                 from ../src/sources/../headers/rtc.h:9,
                 from ../src/sources/rtc.c:3:
../../project_bsp/ps7_cortexa9_0/include/xil_types.h:65:0: note: this is the location of the previous definition
 #  define TRUE  1U
 
../src/sources/rtc.c: In function 'interruptTask':
../src/sources/rtc.c:76:9: warning: unused variable 'outQ' [-Wunused-variable]
  double outQ = getOutput(&cQ, iQ);
         ^~~~
../src/sources/rtc.c:75:9: warning: unused variable 'outD' [-Wunused-variable]
  double outD = getOutput(&cD, iD);
         ^~~~
../src/sources/rtc.c:47:9: warning: variable 'angle' set but not used [-Wunused-but-set-variable]
  double angle;
         ^~~~~
In file included from ../src/sources/../headers/rtc.h:14:0,
                 from ../src/sources/rtc.c:3:
../src/sources/rtc.c: At top level:
../src/sources/../headers/pi_controller.h:38:15: warning: 'setKp' declared 'static' but never defined [-Wunused-function]
 static double setKp(Controller *c, double _kp);
               ^~~~~
../src/sources/../headers/pi_controller.h:39:15: warning: 'setKi' declared 'static' but never defined [-Wunused-function]
 static double setKi(Controller *c, double _ki);
               ^~~~~
../src/sources/../headers/pi_controller.h:40:15: warning: 'setLastOutput' declared 'static' but never defined [-Wunused-function]
 static double setLastOutput(Controller *c, double _outputOld);
               ^~~~~~~~~~~~~
../src/sources/../headers/pi_controller.h:41:15: warning: 'setLastInput' declared 'static' but never defined [-Wunused-function]
 static double setLastInput(Controller *c, double _inputOld);
               ^~~~~~~~~~~~
In file included from ../src/sources/../headers/rtc.h:15:0,
                 from ../src/sources/rtc.c:3:
../src/sources/../headers/isr.h:19:12: warning: 'gIB' defined but not used [-Wunused-variable]
 static u32 gIB;
            ^~~
../src/sources/../headers/isr.h:18:12: warning: 'gIA' defined but not used [-Wunused-variable]
 static u32 gIA;
            ^~~
In file included from ../src/sources/../headers/isr.h:13:0,
                 from ../src/sources/../headers/rtc.h:15,
                 from ../src/sources/rtc.c:3:
../src/sources/../headers/adc.h:25:16: warning: 'XAdcInstPtr' defined but not used [-Wunused-variable]
 static XAdcPs *XAdcInstPtr;  /* Pointer to driver istance */
                ^~~~~~~~~~~
../src/sources/../headers/adc.h:24:15: warning: 'XAdcInst' defined but not used [-Wunused-variable]
 static XAdcPs XAdcInst;      /* XADC driver instance */
               ^~~~~~~~
Finished building: ../src/sources/rtc.c
 
Building file: ../src/main.c
Invoking: ARM v7 gcc compiler
arm-none-eabi-gcc -Wall -O0 -g3 -c -fmessage-length=0 -MT"src/main.o" -mcpu=cortex-a9 -mfpu=vfpv3 -mfloat-abi=hard -I../../project_bsp/ps7_cortexa9_0/include -MMD -MP -MF"src/main.d" -MT"src/main.o" -o "src/main.o" "../src/main.c"
In file included from ../src/headers/ramInterface.h:6:0,
                 from ../src/headers/rtc.h:9,
                 from ../src/main.c:5:
../src/headers/types.h:21:0: warning: "FALSE" redefined
 #define FALSE 0
 
In file included from ../../project_bsp/ps7_cortexa9_0/include/xil_printf.h:11:0,
                 from ../src/main.c:3:
../../project_bsp/ps7_cortexa9_0/include/xil_types.h:69:0: note: this is the location of the previous definition
 #  define FALSE  0U
 
In file included from ../src/headers/ramInterface.h:6:0,
                 from ../src/headers/rtc.h:9,
                 from ../src/main.c:5:
../src/headers/types.h:22:0: warning: "TRUE" redefined
 #define TRUE 1
 
In file included from ../../project_bsp/ps7_cortexa9_0/include/xil_printf.h:11:0,
                 from ../src/main.c:3:
../../project_bsp/ps7_cortexa9_0/include/xil_types.h:65:0: note: this is the location of the previous definition
 #  define TRUE  1U
 
In file included from ../src/headers/rtc.h:14:0,
                 from ../src/main.c:5:
../src/headers/pi_controller.h:38:15: warning: 'setKp' declared 'static' but never defined [-Wunused-function]
 static double setKp(Controller *c, double _kp);
               ^~~~~
../src/headers/pi_controller.h:39:15: warning: 'setKi' declared 'static' but never defined [-Wunused-function]
 static double setKi(Controller *c, double _ki);
               ^~~~~
../src/headers/pi_controller.h:40:15: warning: 'setLastOutput' declared 'static' but never defined [-Wunused-function]
 static double setLastOutput(Controller *c, double _outputOld);
               ^~~~~~~~~~~~~
../src/headers/pi_controller.h:41:15: warning: 'setLastInput' declared 'static' but never defined [-Wunused-function]
 static double setLastInput(Controller *c, double _inputOld);
               ^~~~~~~~~~~~
In file included from ../src/headers/rtc.h:15:0,
                 from ../src/main.c:5:
../src/headers/isr.h:19:12: warning: 'gIB' defined but not used [-Wunused-variable]
 static u32 gIB;
            ^~~
../src/headers/isr.h:18:12: warning: 'gIA' defined but not used [-Wunused-variable]
 static u32 gIA;
            ^~~
In file included from ../src/headers/isr.h:13:0,
                 from ../src/headers/rtc.h:15,
                 from ../src/main.c:5:
../src/headers/adc.h:25:16: warning: 'XAdcInstPtr' defined but not used [-Wunused-variable]
 static XAdcPs *XAdcInstPtr;  /* Pointer to driver istance */
                ^~~~~~~~~~~
../src/headers/adc.h:24:15: warning: 'XAdcInst' defined but not used [-Wunused-variable]
 static XAdcPs XAdcInst;      /* XADC driver instance */
               ^~~~~~~~
Finished building: ../src/main.c
 
Building target: project.elf
Invoking: ARM v7 gcc linker
arm-none-eabi-gcc -mcpu=cortex-a9 -mfpu=vfpv3 -mfloat-abi=hard -Wl,-build-id=none -specs=Xilinx.spec -Wl,-T -Wl,../src/lscript.ld -L../../project_bsp/ps7_cortexa9_0/lib -o "project.elf"  ./src/sources/adc.o ./src/sources/clarkepark.o ./src/sources/dutycycle.o ./src/sources/isr.o ./src/sources/math.o ./src/sources/phase3.o ./src/sources/pi_controller.o ./src/sources/ramInterface.o ./src/sources/rtc.o  ./src/main.o ./src/platform.o  ./.metadata/.plugins/org.eclipse.cdt.make.core/specs.o   -Wl,--start-group,-lxil,-lgcc,-lc,--end-group
Finished building target: project.elf
 
Invoking: ARM v7 Print Size
arm-none-eabi-size project.elf  |tee "project.elf.size"
   text	   data	    bss	    dec	    hex	filename
  84696	   2588	  23504	 110788	  1b0c4	project.elf
Finished building: project.elf.size
 
20:51:02 **** Incremental Build of configuration Debug for project project ****
make pre-build main-build 
a9-linaro-pre-build-step
 
Building file: ../src/sources/rtc.c
Invoking: ARM v7 gcc compiler
arm-none-eabi-gcc -Wall -O0 -g3 -c -fmessage-length=0 -MT"src/sources/rtc.o" -mcpu=cortex-a9 -mfpu=vfpv3 -mfloat-abi=hard -I../../project_bsp/ps7_cortexa9_0/include -MMD -MP -MF"src/sources/rtc.d" -MT"src/sources/rtc.o" -o "src/sources/rtc.o" "../src/sources/rtc.c"
In file included from ../src/sources/../headers/ramInterface.h:6:0,
                 from ../src/sources/../headers/rtc.h:9,
                 from ../src/sources/rtc.c:3:
../src/sources/../headers/types.h:21:0: warning: "FALSE" redefined
 #define FALSE 0
 
In file included from ../../project_bsp/ps7_cortexa9_0/include/xil_printf.h:11:0,
                 from ../src/sources/../headers/types.h:5,
                 from ../src/sources/../headers/ramInterface.h:6,
                 from ../src/sources/../headers/rtc.h:9,
                 from ../src/sources/rtc.c:3:
../../project_bsp/ps7_cortexa9_0/include/xil_types.h:69:0: note: this is the location of the previous definition
 #  define FALSE  0U
 
In file included from ../src/sources/../headers/ramInterface.h:6:0,
                 from ../src/sources/../headers/rtc.h:9,
                 from ../src/sources/rtc.c:3:
../src/sources/../headers/types.h:22:0: warning: "TRUE" redefined
 #define TRUE 1
 
In file included from ../../project_bsp/ps7_cortexa9_0/include/xil_printf.h:11:0,
                 from ../src/sources/../headers/types.h:5,
                 from ../src/sources/../headers/ramInterface.h:6,
                 from ../src/sources/../headers/rtc.h:9,
                 from ../src/sources/rtc.c:3:
../../project_bsp/ps7_cortexa9_0/include/xil_types.h:65:0: note: this is the location of the previous definition
 #  define TRUE  1U
 
../src/sources/rtc.c: In function 'interruptTask':
../src/sources/rtc.c:76:9: warning: unused variable 'outQ' [-Wunused-variable]
  double outQ = getOutput(&cQ, iQ);
         ^~~~
../src/sources/rtc.c:75:9: warning: unused variable 'outD' [-Wunused-variable]
  double outD = getOutput(&cD, iD);
         ^~~~
../src/sources/rtc.c:47:9: warning: variable 'angle' set but not used [-Wunused-but-set-variable]
  double angle;
         ^~~~~
In file included from ../src/sources/../headers/rtc.h:14:0,
                 from ../src/sources/rtc.c:3:
../src/sources/rtc.c: At top level:
../src/sources/../headers/pi_controller.h:38:15: warning: 'setKp' declared 'static' but never defined [-Wunused-function]
 static double setKp(Controller *c, double _kp);
               ^~~~~
../src/sources/../headers/pi_controller.h:39:15: warning: 'setKi' declared 'static' but never defined [-Wunused-function]
 static double setKi(Controller *c, double _ki);
               ^~~~~
../src/sources/../headers/pi_controller.h:40:15: warning: 'setLastOutput' declared 'static' but never defined [-Wunused-function]
 static double setLastOutput(Controller *c, double _outputOld);
               ^~~~~~~~~~~~~
../src/sources/../headers/pi_controller.h:41:15: warning: 'setLastInput' declared 'static' but never defined [-Wunused-function]
 static double setLastInput(Controller *c, double _inputOld);
               ^~~~~~~~~~~~
In file included from ../src/sources/../headers/rtc.h:15:0,
                 from ../src/sources/rtc.c:3:
../src/sources/../headers/isr.h:19:12: warning: 'gIB' defined but not used [-Wunused-variable]
 static u32 gIB;
            ^~~
../src/sources/../headers/isr.h:18:12: warning: 'gIA' defined but not used [-Wunused-variable]
 static u32 gIA;
            ^~~
In file included from ../src/sources/../headers/isr.h:13:0,
                 from ../src/sources/../headers/rtc.h:15,
                 from ../src/sources/rtc.c:3:
../src/sources/../headers/adc.h:25:16: warning: 'XAdcInstPtr' defined but not used [-Wunused-variable]
 static XAdcPs *XAdcInstPtr;  /* Pointer to driver istance */
                ^~~~~~~~~~~
../src/sources/../headers/adc.h:24:15: warning: 'XAdcInst' defined but not used [-Wunused-variable]
 static XAdcPs XAdcInst;      /* XADC driver instance */
               ^~~~~~~~
Finished building: ../src/sources/rtc.c
 
Building file: ../src/main.c
Invoking: ARM v7 gcc compiler
arm-none-eabi-gcc -Wall -O0 -g3 -c -fmessage-length=0 -MT"src/main.o" -mcpu=cortex-a9 -mfpu=vfpv3 -mfloat-abi=hard -I../../project_bsp/ps7_cortexa9_0/include -MMD -MP -MF"src/main.d" -MT"src/main.o" -o "src/main.o" "../src/main.c"
In file included from ../src/headers/ramInterface.h:6:0,
                 from ../src/headers/rtc.h:9,
                 from ../src/main.c:5:
../src/headers/types.h:21:0: warning: "FALSE" redefined
 #define FALSE 0
 
In file included from ../../project_bsp/ps7_cortexa9_0/include/xil_printf.h:11:0,
                 from ../src/main.c:3:
../../project_bsp/ps7_cortexa9_0/include/xil_types.h:69:0: note: this is the location of the previous definition
 #  define FALSE  0U
 
In file included from ../src/headers/ramInterface.h:6:0,
                 from ../src/headers/rtc.h:9,
                 from ../src/main.c:5:
../src/headers/types.h:22:0: warning: "TRUE" redefined
 #define TRUE 1
 
In file included from ../../project_bsp/ps7_cortexa9_0/include/xil_printf.h:11:0,
                 from ../src/main.c:3:
../../project_bsp/ps7_cortexa9_0/include/xil_types.h:65:0: note: this is the location of the previous definition
 #  define TRUE  1U
 
In file included from ../src/headers/rtc.h:14:0,
                 from ../src/main.c:5:
../src/headers/pi_controller.h:38:15: warning: 'setKp' declared 'static' but never defined [-Wunused-function]
 static double setKp(Controller *c, double _kp);
               ^~~~~
../src/headers/pi_controller.h:39:15: warning: 'setKi' declared 'static' but never defined [-Wunused-function]
 static double setKi(Controller *c, double _ki);
               ^~~~~
../src/headers/pi_controller.h:40:15: warning: 'setLastOutput' declared 'static' but never defined [-Wunused-function]
 static double setLastOutput(Controller *c, double _outputOld);
               ^~~~~~~~~~~~~
../src/headers/pi_controller.h:41:15: warning: 'setLastInput' declared 'static' but never defined [-Wunused-function]
 static double setLastInput(Controller *c, double _inputOld);
               ^~~~~~~~~~~~
In file included from ../src/headers/rtc.h:15:0,
                 from ../src/main.c:5:
../src/headers/isr.h:19:12: warning: 'gIB' defined but not used [-Wunused-variable]
 static u32 gIB;
            ^~~
../src/headers/isr.h:18:12: warning: 'gIA' defined but not used [-Wunused-variable]
 static u32 gIA;
            ^~~
In file included from ../src/headers/isr.h:13:0,
                 from ../src/headers/rtc.h:15,
                 from ../src/main.c:5:
../src/headers/adc.h:25:16: warning: 'XAdcInstPtr' defined but not used [-Wunused-variable]
 static XAdcPs *XAdcInstPtr;  /* Pointer to driver istance */
                ^~~~~~~~~~~
../src/headers/adc.h:24:15: warning: 'XAdcInst' defined but not used [-Wunused-variable]
 static XAdcPs XAdcInst;      /* XADC driver instance */
               ^~~~~~~~
Finished building: ../src/main.c
 
Building target: project.elf
Invoking: ARM v7 gcc linker
arm-none-eabi-gcc -mcpu=cortex-a9 -mfpu=vfpv3 -mfloat-abi=hard -Wl,-build-id=none -specs=Xilinx.spec -Wl,-T -Wl,../src/lscript.ld -L../../project_bsp/ps7_cortexa9_0/lib -o "project.elf"  ./src/sources/adc.o ./src/sources/clarkepark.o ./src/sources/dutycycle.o ./src/sources/isr.o ./src/sources/math.o ./src/sources/phase3.o ./src/sources/pi_controller.o ./src/sources/ramInterface.o ./src/sources/rtc.o  ./src/main.o ./src/platform.o  ./.metadata/.plugins/org.eclipse.cdt.make.core/specs.o   -Wl,--start-group,-lxil,-lgcc,-lc,--end-group
Finished building target: project.elf
 
Invoking: ARM v7 Print Size
arm-none-eabi-size project.elf  |tee "project.elf.size"
   text	   data	    bss	    dec	    hex	filename
  84696	   2588	  23504	 110788	  1b0c4	project.elf
Finished building: project.elf.size
 
21:07:57 **** Incremental Build of configuration Debug for project project ****
make pre-build main-build 
a9-linaro-pre-build-step
 
make: Nothing to be done for 'main-build'.
21:08:28 **** Incremental Build of configuration Debug for project project ****
make pre-build main-build 
a9-linaro-pre-build-step
 
make: Nothing to be done for 'main-build'.
21:12:58 **** Incremental Build of configuration Debug for project project ****
make pre-build main-build 
a9-linaro-pre-build-step
 
make: Nothing to be done for 'main-build'.
21:13:13 **** Incremental Build of configuration Debug for project project ****
make pre-build main-build 
a9-linaro-pre-build-step
 
make: Nothing to be done for 'main-build'.
21:13:26 **** Incremental Build of configuration Debug for project project ****
make pre-build main-build 
a9-linaro-pre-build-step
 
make: Nothing to be done for 'main-build'.
21:15:03 **** Incremental Build of configuration Debug for project project ****
make pre-build main-build 
a9-linaro-pre-build-step
 
make: Nothing to be done for 'main-build'.
