15:15:12 **** Auto Build of configuration Debug for project project ****
make pre-build main-build 
a9-linaro-pre-build-step
 
Building file: ../src/sources/ramInterface.c
Invoking: ARM v7 gcc compiler
arm-none-eabi-gcc -Wall -O0 -g3 -c -fmessage-length=0 -MT"src/sources/ramInterface.o" -mcpu=cortex-a9 -mfpu=vfpv3 -mfloat-abi=hard -I../../project_bsp/ps7_cortexa9_0/include -MMD -MP -MF"src/sources/ramInterface.d" -MT"src/sources/ramInterface.o" -o "src/sources/ramInterface.o" "../src/sources/ramInterface.c"
../src/sources/ramInterface.c: In function 'readMemory':
../src/sources/ramInterface.c:9:11: warning: unused variable 'addr' [-Wunused-variable]
  addr_typ addr = BASE_ADDRESS + (CHUNK_SIZE * _addr);
           ^~~~
../src/sources/ramInterface.c: In function 'writeMemory':
../src/sources/ramInterface.c:18:11: warning: unused variable 'addr' [-Wunused-variable]
  addr_typ addr = BASE_ADDRESS + (CHUNK_SIZE * _addr);
           ^~~~
Finished building: ../src/sources/ramInterface.c
 
Building file: ../src/sources/rtc.c
Invoking: ARM v7 gcc compiler
arm-none-eabi-gcc -Wall -O0 -g3 -c -fmessage-length=0 -MT"src/sources/rtc.o" -mcpu=cortex-a9 -mfpu=vfpv3 -mfloat-abi=hard -I../../project_bsp/ps7_cortexa9_0/include -MMD -MP -MF"src/sources/rtc.d" -MT"src/sources/rtc.o" -o "src/sources/rtc.o" "../src/sources/rtc.c"
../src/sources/rtc.c: In function 'taskClass1':
../src/sources/rtc.c:107:27: warning: passing argument 2 of 'readMemory' from incompatible pointer type [-Wincompatible-pointer-types]
   readMemory(ROTOR_ANGLE, &angle);   // Read angle from memory
                           ^
In file included from ../src/sources/../headers/rtc.h:9:0,
                 from ../src/sources/rtc.c:3:
../src/sources/../headers/../headers/ramInterface.h:24:6: note: expected 'data_typ * {aka float *}' but argument is of type 'double *'
 void readMemory(addr_typ addr, data_typ *data);
      ^~~~~~~~~~
../src/sources/rtc.c:111:37: warning: passing argument 2 of 'readMemory' from incompatible pointer type [-Wincompatible-pointer-types]
   readMemory(CURRENT_MEASUREMENT_A, &iA);  // Read phase current 1 from memory
                                     ^
In file included from ../src/sources/../headers/rtc.h:9:0,
                 from ../src/sources/rtc.c:3:
../src/sources/../headers/../headers/ramInterface.h:24:6: note: expected 'data_typ * {aka float *}' but argument is of type 'double *'
 void readMemory(addr_typ addr, data_typ *data);
      ^~~~~~~~~~
../src/sources/rtc.c:115:37: warning: passing argument 2 of 'readMemory' from incompatible pointer type [-Wincompatible-pointer-types]
   readMemory(CURRENT_MEASUREMENT_B, &iB);  // Read phase current 2 from memory
                                     ^
In file included from ../src/sources/../headers/rtc.h:9:0,
                 from ../src/sources/rtc.c:3:
../src/sources/../headers/../headers/ramInterface.h:24:6: note: expected 'data_typ * {aka float *}' but argument is of type 'double *'
 void readMemory(addr_typ addr, data_typ *data);
      ^~~~~~~~~~
In file included from ../src/sources/../headers/rtc.h:14:0,
                 from ../src/sources/rtc.c:3:
../src/sources/rtc.c: At top level:
../src/sources/../headers/pi_controller.h:38:15: warning: 'setKp' declared 'static' but never defined [-Wunused-function]
 static double setKp(Controller *c, double _kp);
               ^~~~~
../src/sources/../headers/pi_controller.h:39:15: warning: 'setKi' declared 'static' but never defined [-Wunused-function]
 static double setKi(Controller *c, double _ki);
               ^~~~~
../src/sources/../headers/pi_controller.h:40:15: warning: 'setLastOutput' declared 'static' but never defined [-Wunused-function]
 static double setLastOutput(Controller *c, double _outputOld);
               ^~~~~~~~~~~~~
../src/sources/../headers/pi_controller.h:41:15: warning: 'setLastInput' declared 'static' but never defined [-Wunused-function]
 static double setLastInput(Controller *c, double _inputOld);
               ^~~~~~~~~~~~
Finished building: ../src/sources/rtc.c
 
Building file: ../src/main.c
Invoking: ARM v7 gcc compiler
arm-none-eabi-gcc -Wall -O0 -g3 -c -fmessage-length=0 -MT"src/main.o" -mcpu=cortex-a9 -mfpu=vfpv3 -mfloat-abi=hard -I../../project_bsp/ps7_cortexa9_0/include -MMD -MP -MF"src/main.d" -MT"src/main.o" -o "src/main.o" "../src/main.c"
In file included from ../src/headers/rtc.h:14:0,
                 from ../src/main.c:5:
../src/headers/pi_controller.h:38:15: warning: 'setKp' declared 'static' but never defined [-Wunused-function]
 static double setKp(Controller *c, double _kp);
               ^~~~~
../src/headers/pi_controller.h:39:15: warning: 'setKi' declared 'static' but never defined [-Wunused-function]
 static double setKi(Controller *c, double _ki);
               ^~~~~
../src/headers/pi_controller.h:40:15: warning: 'setLastOutput' declared 'static' but never defined [-Wunused-function]
 static double setLastOutput(Controller *c, double _outputOld);
               ^~~~~~~~~~~~~
../src/headers/pi_controller.h:41:15: warning: 'setLastInput' declared 'static' but never defined [-Wunused-function]
 static double setLastInput(Controller *c, double _inputOld);
               ^~~~~~~~~~~~
In file included from ../src/main.c:5:0:
../src/headers/rtc.h:37:13: warning: 'isrTask' declared 'static' but never defined [-Wunused-function]
 static void isrTask();
             ^~~~~~~
../src/headers/rtc.h:40:13: warning: 'isrCounter' declared 'static' but never defined [-Wunused-function]
 static void isrCounter();
             ^~~~~~~~~~
../src/headers/rtc.h:43:13: warning: 'scheduler' declared 'static' but never defined [-Wunused-function]
 static void scheduler();
             ^~~~~~~~~
../src/headers/rtc.h:46:13: warning: 'cyclicScheduler' declared 'static' but never defined [-Wunused-function]
 static void cyclicScheduler();
             ^~~~~~~~~~~~~~~
../src/headers/rtc.h:49:13: warning: 'interruptScheduler' declared 'static' but never defined [-Wunused-function]
 static void interruptScheduler();
             ^~~~~~~~~~~~~~~~~~
../src/headers/rtc.h:52:13: warning: 'taskClass1' declared 'static' but never defined [-Wunused-function]
 static void taskClass1();
             ^~~~~~~~~~
../src/headers/rtc.h:53:13: warning: 'taskClass2' declared 'static' but never defined [-Wunused-function]
 static void taskClass2();
             ^~~~~~~~~~
../src/headers/rtc.h:54:13: warning: 'taskClass3' declared 'static' but never defined [-Wunused-function]
 static void taskClass3();
             ^~~~~~~~~~
Finished building: ../src/main.c
 
Building target: project.elf
Invoking: ARM v7 gcc linker
arm-none-eabi-gcc -mcpu=cortex-a9 -mfpu=vfpv3 -mfloat-abi=hard -Wl,-build-id=none -specs=Xilinx.spec -Wl,-T -Wl,../src/lscript.ld -L../../project_bsp/ps7_cortexa9_0/lib -o "project.elf"  ./src/sources/clarkepark.o ./src/sources/dutycycle.o ./src/sources/math.o ./src/sources/phase3.o ./src/sources/pi_controller.o ./src/sources/ramInterface.o ./src/sources/rtc.o  ./src/main.o ./src/platform.o  ./.metadata/.plugins/org.eclipse.cdt.make.core/specs.o   -Wl,--start-group,-lxil,-lgcc,-lc,--end-group
Finished building target: project.elf
 
Invoking: ARM v7 Print Size
arm-none-eabi-size project.elf  |tee "project.elf.size"
   text	   data	    bss	    dec	    hex	filename
  76864	   2580	  23424	 102868	  191d4	project.elf
Finished building: project.elf.size
 

15:15:13 Build Finished (took 409ms)

